Component: ARM Compiler 5.06 update 4 (build 422) Tool: armlink [4d35d2]

==============================================================================

Section Cross References

    main.o(i.main) refers to public.o(i.STM32_Init) for STM32_Init
    main.o(i.main) refers to main_control.o(i.Control_main) for Control_main
    public.o(i.STM32_Init) refers to usart.o(i.USART1_Init) for USART1_Init
    public.o(i.STM32_Init) refers to led.o(i.LED_Init) for LED_Init
    public.o(i.STM32_Init) refers to key.o(i.KEY_Init) for KEY_Init
    public.o(i.STM32_Init) refers to motor.o(i.MOTOR_Init) for MOTOR_Init
    public.o(i.STM32_Init) refers to mpu6050.o(i.MPU6050_Init) for MPU6050_Init
    public.o(i.STM32_Init) refers to pid.o(i.PID_param_Init) for PID_param_Init
    public.o(i.STM32_Init) refers to ultrasonic.o(i.ULTR_Init) for ULTR_Init
    public.o(i.STM32_Init) refers to tim.o(i.TIM_10ms_Init) for TIM_10ms_Init
    usart.o(i.USART1_IRQHandler) refers to stm32f4xx_usart.o(i.USART_GetFlagStatus) for USART_GetFlagStatus
    usart.o(i.USART1_IRQHandler) refers to stm32f4xx_usart.o(i.USART_ReceiveData) for USART_ReceiveData
    usart.o(i.USART1_IRQHandler) refers to main_control.o(.data) for key
    usart.o(i.USART1_Init) refers to stm32f4xx_rcc.o(i.RCC_AHB1PeriphClockCmd) for RCC_AHB1PeriphClockCmd
    usart.o(i.USART1_Init) refers to stm32f4xx_rcc.o(i.RCC_APB2PeriphClockCmd) for RCC_APB2PeriphClockCmd
    usart.o(i.USART1_Init) refers to stm32f4xx_gpio.o(i.GPIO_PinAFConfig) for GPIO_PinAFConfig
    usart.o(i.USART1_Init) refers to stm32f4xx_gpio.o(i.GPIO_Init) for GPIO_Init
    usart.o(i.USART1_Init) refers to stm32f4xx_usart.o(i.USART_Init) for USART_Init
    usart.o(i.USART1_Init) refers to stm32f4xx_usart.o(i.USART_Cmd) for USART_Cmd
    usart.o(i.USART1_Init) refers to stm32f4xx_usart.o(i.USART_ITConfig) for USART_ITConfig
    usart.o(i.USART1_Init) refers to misc.o(i.NVIC_Init) for NVIC_Init
    usart.o(i.USART_Receive) refers to stm32f4xx_usart.o(i.USART_GetFlagStatus) for USART_GetFlagStatus
    usart.o(i.USART_Receive) refers to stm32f4xx_usart.o(i.USART_ReceiveData) for USART_ReceiveData
    usart.o(i.USART_Send) refers to stm32f4xx_usart.o(i.USART_SendData) for USART_SendData
    usart.o(i.USART_Send) refers to stm32f4xx_usart.o(i.USART_GetFlagStatus) for USART_GetFlagStatus
    i2c.o(i.I2C_Ack) refers to stm32f4xx_gpio.o(i.GPIO_ResetBits) for GPIO_ResetBits
    i2c.o(i.I2C_Ack) refers to i2c.o(i.I2C_SDA_Init) for I2C_SDA_Init
    i2c.o(i.I2C_Ack) refers to delay.o(i.delay_us) for delay_us
    i2c.o(i.I2C_Ack) refers to stm32f4xx_gpio.o(i.GPIO_SetBits) for GPIO_SetBits
    i2c.o(i.I2C_ReadByte) refers to i2c.o(i.I2C_SDA_Init) for I2C_SDA_Init
    i2c.o(i.I2C_ReadByte) refers to stm32f4xx_gpio.o(i.GPIO_ResetBits) for GPIO_ResetBits
    i2c.o(i.I2C_ReadByte) refers to delay.o(i.delay_us) for delay_us
    i2c.o(i.I2C_ReadByte) refers to stm32f4xx_gpio.o(i.GPIO_SetBits) for GPIO_SetBits
    i2c.o(i.I2C_ReadByte) refers to stm32f4xx_gpio.o(i.GPIO_ReadInputDataBit) for GPIO_ReadInputDataBit
    i2c.o(i.I2C_ReadByte) refers to i2c.o(i.I2C_Ack) for I2C_Ack
    i2c.o(i.I2C_ReadByte) refers to i2c.o(i.I2C_nAck) for I2C_nAck
    i2c.o(i.I2C_RecieveByte) refers to i2c.o(i.I2C_Start) for I2C_Start
    i2c.o(i.I2C_RecieveByte) refers to i2c.o(i.I2C_WriteByte) for I2C_WriteByte
    i2c.o(i.I2C_RecieveByte) refers to i2c.o(i.I2C_rAck) for I2C_rAck
    i2c.o(i.I2C_RecieveByte) refers to i2c.o(i.I2C_ReadByte) for I2C_ReadByte
    i2c.o(i.I2C_RecieveByte) refers to i2c.o(i.I2C_Stop) for I2C_Stop
    i2c.o(i.I2C_RecieveBytes) refers to i2c.o(i.I2C_Start) for I2C_Start
    i2c.o(i.I2C_RecieveBytes) refers to i2c.o(i.I2C_WriteByte) for I2C_WriteByte
    i2c.o(i.I2C_RecieveBytes) refers to i2c.o(i.I2C_rAck) for I2C_rAck
    i2c.o(i.I2C_RecieveBytes) refers to i2c.o(i.I2C_Stop) for I2C_Stop
    i2c.o(i.I2C_RecieveBytes) refers to i2c.o(i.I2C_ReadByte) for I2C_ReadByte
    i2c.o(i.I2C_SCL_Init) refers to stm32f4xx_rcc.o(i.RCC_AHB1PeriphClockCmd) for RCC_AHB1PeriphClockCmd
    i2c.o(i.I2C_SCL_Init) refers to stm32f4xx_gpio.o(i.GPIO_Init) for GPIO_Init
    i2c.o(i.I2C_SCL_Init) refers to stm32f4xx_gpio.o(i.GPIO_SetBits) for GPIO_SetBits
    i2c.o(i.I2C_SDA_Init) refers to stm32f4xx_rcc.o(i.RCC_AHB1PeriphClockCmd) for RCC_AHB1PeriphClockCmd
    i2c.o(i.I2C_SDA_Init) refers to stm32f4xx_gpio.o(i.GPIO_Init) for GPIO_Init
    i2c.o(i.I2C_S_Init) refers to i2c.o(i.I2C_SDA_Init) for I2C_SDA_Init
    i2c.o(i.I2C_S_Init) refers to stm32f4xx_gpio.o(i.GPIO_SetBits) for GPIO_SetBits
    i2c.o(i.I2C_S_Init) refers to i2c.o(i.I2C_SCL_Init) for I2C_SCL_Init
    i2c.o(i.I2C_SendByte) refers to i2c.o(i.I2C_Start) for I2C_Start
    i2c.o(i.I2C_SendByte) refers to i2c.o(i.I2C_WriteByte) for I2C_WriteByte
    i2c.o(i.I2C_SendByte) refers to i2c.o(i.I2C_rAck) for I2C_rAck
    i2c.o(i.I2C_SendByte) refers to i2c.o(i.I2C_Stop) for I2C_Stop
[...]
    ..\\Libraries\\STM32F4xx_StdPeriph_Driver\\src\\misc.c 0x00000000   Number         0  misc.o ABSOLUTE
    ..\\Libraries\\STM32F4xx_StdPeriph_Driver\\src\\stm32f4xx_gpio.c 0x00000000   Number         0  stm32f4xx_gpio.o ABSOLUTE
    ..\\Libraries\\STM32F4xx_StdPeriph_Driver\\src\\stm32f4xx_rcc.c 0x00000000   Number         0  stm32f4xx_rcc.o ABSOLUTE
    ..\\Libraries\\STM32F4xx_StdPeriph_Driver\\src\\stm32f4xx_tim.c 0x00000000   Number         0  stm32f4xx_tim.o ABSOLUTE
    ..\\Libraries\\STM32F4xx_StdPeriph_Driver\\src\\stm32f4xx_usart.c 0x00000000   Number         0  stm32f4xx_usart.o ABSOLUTE
    ..\\User\\main.c                         0x00000000   Number         0  main.o ABSOLUTE
    ..\\User\\public.c                       0x00000000   Number         0  public.o ABSOLUTE
    ..\\User\\stm32f4xx_it.c                 0x00000000   Number         0  stm32f4xx_it.o ABSOLUTE
    dc.s                                     0x00000000   Number         0  dc.o ABSOLUTE
    RESET                                    0x08000000   Section      392  startup_stm32f40_41xxx.o(RESET)
    !!!main                                  0x08000188   Section        8  __main.o(!!!main)
    !!!scatter                               0x08000190   Section       52  __scatter.o(!!!scatter)
    !!handler_copy                           0x080001c4   Section       26  __scatter_copy.o(!!handler_copy)
    !!handler_zi                             0x080001e0   Section       28  __scatter_zi.o(!!handler_zi)
    .ARM.Collect$$libinit$$00000000          0x080001fc   Section        2  libinit.o(.ARM.Collect$$libinit$$00000000)
    .ARM.Collect$$libinit$$00000001          0x080001fe   Section        4  libinit2.o(.ARM.Collect$$libinit$$00000001)
    .ARM.Collect$$libinit$$00000004          0x08000202   Section        0  libinit2.o(.ARM.Collect$$libinit$$00000004)
    .ARM.Collect$$libinit$$0000000A          0x08000202   Section        0  libinit2.o(.ARM.Collect$$libinit$$0000000A)
    .ARM.Collect$$libinit$$0000000C          0x08000202   Section        0  libinit2.o(.ARM.Collect$$libinit$$0000000C)
    .ARM.Collect$$libinit$$0000000E          0x08000202   Section        0  libinit2.o(.ARM.Collect$$libinit$$0000000E)
    .ARM.Collect$$libinit$$00000011          0x08000202   Section        0  libinit2.o(.ARM.Collect$$libinit$$00000011)
    .ARM.Collect$$libinit$$00000013          0x08000202   Section        0  libinit2.o(.ARM.Collect$$libinit$$00000013)
    .ARM.Collect$$libinit$$00000015          0x08000202   Section        0  libinit2.o(.ARM.Collect$$libinit$$00000015)
    .ARM.Collect$$libinit$$00000017          0x08000202   Section        0  libinit2.o(.ARM.Collect$$libinit$$00000017)
    .ARM.Collect$$libinit$$00000019          0x08000202   Section        0  libinit2.o(.ARM.Collect$$libinit$$00000019)
    .ARM.Collect$$libinit$$0000001B          0x08000202   Section        0  libinit2.o(.ARM.Collect$$libinit$$0000001B)
    .ARM.Collect$$libinit$$0000001D          0x08000202   Section        0  libinit2.o(.ARM.Collect$$libinit$$0000001D)
    .ARM.Collect$$libinit$$0000001F          0x08000202   Section        0  libinit2.o(.ARM.Collect$$libinit$$0000001F)
    .ARM.Collect$$libinit$$00000021          0x08000202   Section        0  libinit2.o(.ARM.Collect$$libinit$$00000021)
    .ARM.Collect$$libinit$$00000023          0x08000202   Section        0  libinit2.o(.ARM.Collect$$libinit$$00000023)
    .ARM.Collect$$libinit$$00000025          0x08000202   Section        0  libinit2.o(.ARM.Collect$$libinit$$00000025)
    .ARM.Collect$$libinit$$0000002C          0x08000202   Section        0  libinit2.o(.ARM.Collect$$libinit$$0000002C)
    .ARM.Collect$$libinit$$0000002E          0x08000202   Section        0  libinit2.o(.ARM.Collect$$libinit$$0000002E)
    .ARM.Collect$$libinit$$00000030          0x08000202   Section        0  libinit2.o(.ARM.Collect$$libinit$$00000030)
    .ARM.Collect$$libinit$$00000032          0x08000202   Section        0  libinit2.o(.ARM.Collect$$libinit$$00000032)
    .ARM.Collect$$libinit$$00000033          0x08000202   Section        2  libinit2.o(.ARM.Collect$$libinit$$00000033)
    .ARM.Collect$$libshutdown$$00000000      0x08000204   Section        2  libshutdown.o(.ARM.Collect$$libshutdown$$00000000)
    .ARM.Collect$$libshutdown$$00000002      0x08000206   Section        0  libshutdown2.o(.ARM.Collect$$libshutdown$$00000002)
    .ARM.Collect$$libshutdown$$00000004      0x08000206   Section        0  libshutdown2.o(.ARM.Collect$$libshutdown$$00000004)
    .ARM.Collect$$libshutdown$$00000007      0x08000206   Section        0  libshutdown2.o(.ARM.Collect$$libshutdown$$00000007)
    .ARM.Collect$$libshutdown$$0000000A      0x08000206   Section        0  libshutdown2.o(.ARM.Collect$$libshutdown$$0000000A)
    .ARM.Collect$$libshutdown$$0000000C      0x08000206   Section        0  libshutdown2.o(.ARM.Collect$$libshutdown$$0000000C)
    .ARM.Collect$$libshutdown$$0000000F      0x08000206   Section        0  libshutdown2.o(.ARM.Collect$$libshutdown$$0000000F)
    .ARM.Collect$$libshutdown$$00000010      0x08000206   Section        2  libshutdown2.o(.ARM.Collect$$libshutdown$$00000010)
    .ARM.Collect$$rtentry$$00000000          0x08000208   Section        0  __rtentry.o(.ARM.Collect$$rtentry$$00000000)
    .ARM.Collect$$rtentry$$00000002          0x08000208   Section        0  __rtentry2.o(.ARM.Collect$$rtentry$$00000002)
    .ARM.Collect$$rtentry$$00000004          0x08000208   Section        6  __rtentry4.o(.ARM.Collect$$rtentry$$00000004)
    .ARM.Collect$$rtentry$$00000009          0x0800020e   Section        0  __rtentry2.o(.ARM.Collect$$rtentry$$00000009)
    .ARM.Collect$$rtentry$$0000000A          0x0800020e   Section        4  __rtentry2.o(.ARM.Collect$$rtentry$$0000000A)
    .ARM.Collect$$rtentry$$0000000C          0x08000212   Section        0  __rtentry2.o(.ARM.Collect$$rtentry$$0000000C)
    .ARM.Collect$$rtentry$$0000000D          0x08000212   Section        8  __rtentry2.o(.ARM.Collect$$rtentry$$0000000D)
    .ARM.Collect$$rtexit$$00000000           0x0800021a   Section        2  rtexit.o(.ARM.Collect$$rtexit$$00000000)
    .ARM.Collect$$rtexit$$00000002           0x0800021c   Section        0  rtexit2.o(.ARM.Collect$$rtexit$$00000002)
    .ARM.Collect$$rtexit$$00000003           0x0800021c   Section        4  rtexit2.o(.ARM.Collect$$rtexit$$00000003)
    .ARM.Collect$$rtexit$$00000004           0x08000220   Section        6  rtexit2.o(.ARM.Collect$$rtexit$$00000004)
    .text                                    0x08000228   Section       64  startup_stm32f40_41xxx.o(.text)
    $v0                                      0x08000228   Number         0  startup_stm32f40_41xxx.o(.text)
    .text                                    0x08000268   Section        0  heapauxi.o(.text)
    .text                                    0x0800026e   Section        0  _rserrno.o(.text)
    .text                                    0x08000284   Section        8  rt_errno_addr_intlibspace.o(.text)
    .text                                    0x0800028c   Section        8  libspace.o(.text)
    .text                                    0x08000294   Section       74  sys_stackheap_outer.o(.text)
    .text                                    0x080002de   Section        0  exit.o(.text)
    .text                                    0x080002f0   Section        0  sys_exit.o(.text)
    .text                                    0x080002fc   Section        2  use_no_semi.o(.text)
    .text                                    0x080002fe   Section        0  indicate_semi.o(.text)
    i.BusFault_Handler                       0x080002fe   Section        0  stm32f4xx_it.o(i.BusFault_Handler)
    i.Control_10ms                           0x08000304   Section        0  main_control.o(i.Control_10ms)
    i.Control_main                           0x080008c4   Section        0  main_control.o(i.Control_main)
    i.DebugMon_Handler                       0x08000be0   Section        0  stm32f4xx_it.o(i.DebugMon_Handler)
    i.GPIO_Init                              0x08000be2   Section        0  stm32f4xx_gpio.o(i.GPIO_Init)
    i.GPIO_PinAFConfig                       0x08000c72   Section        0  stm32f4xx_gpio.o(i.GPIO_PinAFConfig)
    i.GPIO_ReadInputDataBit                  0x08000cb8   Section        0  stm32f4xx_gpio.o(i.GPIO_ReadInputDataBit)
    i.GPIO_ReadOutputDataBit                 0x08000cca   Section        0  stm32f4xx_gpio.o(i.GPIO_ReadOutputDataBit)
    i.GPIO_ResetBits                         0x08000cdc   Section        0  stm32f4xx_gpio.o(i.GPIO_ResetBits)
    i.GPIO_SetBits                           0x08000ce0   Section        0  stm32f4xx_gpio.o(i.GPIO_SetBits)
    i.Get_angle                              0x08000ce4   Section        0  handle.o(i.Get_angle)
    i.Get_flight_param                       0x08001b38   Section        0  handle.o(i.Get_flight_param)
    i.Get_offset                             0x08001c00   Section        0  mpu6050.o(i.Get_offset)
    i.HardFault_Handler                      0x08001cf0   Section        0  stm32f4xx_it.o(i.HardFault_Handler)
    i.I2C_Ack                                0x08001cf4   Section        0  i2c.o(i.I2C_Ack)
    i.I2C_ReadByte                           0x08001d30   Section        0  i2c.o(i.I2C_ReadByte)
    i.I2C_RecieveByte                        0x08001d88   Section        0  i2c.o(i.I2C_RecieveByte)
    i.I2C_RecieveBytes                       0x08001dd0   Section        0  i2c.o(i.I2C_RecieveBytes)
    i.I2C_SCL_Init                           0x08001e44   Section        0  i2c.o(i.I2C_SCL_Init)
    i.I2C_SDA_Init                           0x08001e80   Section        0  i2c.o(i.I2C_SDA_Init)
    i.I2C_S_Init                             0x08001ec0   Section        0  i2c.o(i.I2C_S_Init)
    i.I2C_SendByte                           0x08001edc   Section        0  i2c.o(i.I2C_SendByte)
    i.I2C_Start                              0x08001f28   Section        0  i2c.o(i.I2C_Start)
    i.I2C_Stop                               0x08001f64   Section        0  i2c.o(i.I2C_Stop)
    i.I2C_WriteByte                          0x08001fa0   Section        0  i2c.o(i.I2C_WriteByte)
    i.I2C_nAck                               0x08002004   Section        0  i2c.o(i.I2C_nAck)
    i.I2C_rAck                               0x08002040   Section        0  i2c.o(i.I2C_rAck)
    i.KEY_Init                               0x0800208c   Section        0  key.o(i.KEY_Init)
    i.LED_Change                             0x080020d0   Section        0  led.o(i.LED_Change)
    i.LED_Init                               0x080020f8   Section        0  led.o(i.LED_Init)
    i.MOTOR_Init                             0x08002134   Section        0  motor.o(i.MOTOR_Init)
    i.MPU6050_Init                           0x08002250   Section        0  mpu6050.o(i.MPU6050_Init)
    i.MPU_Get_Accelerometer                  0x080022b2   Section        0  mpu6050.o(i.MPU_Get_Accelerometer)
    i.MPU_Get_Gyroscope                      0x080022fa   Section        0  mpu6050.o(i.MPU_Get_Gyroscope)
    i.MPU_Get_param                          0x08002344   Section        0  mpu6050.o(i.MPU_Get_param)
    i.MemManage_Handler                      0x08002484   Section        0  stm32f4xx_it.o(i.MemManage_Handler)
    i.NMI_Handler                            0x08002488   Section        0  stm32f4xx_it.o(i.NMI_Handler)
    i.NVIC_Init                              0x0800248c   Section        0  misc.o(i.NVIC_Init)
    i.PID_Compulate                          0x08002504   Section        0  pid.o(i.PID_Compulate)
    i.PID_param_Init                         0x0800273c   Section        0  pid.o(i.PID_param_Init)
    i.PID_param_Reset                        0x08002894   Section        0  pid.o(i.PID_param_Reset)
    i.PendSV_Handler                         0x080028f0   Section        0  stm32f4xx_it.o(i.PendSV_Handler)
    i.RCC_AHB1PeriphClockCmd                 0x080028f4   Section        0  stm32f4xx_rcc.o(i.RCC_AHB1PeriphClockCmd)
    i.RCC_APB1PeriphClockCmd                 0x08002914   Section        0  stm32f4xx_rcc.o(i.RCC_APB1PeriphClockCmd)
    i.RCC_APB2PeriphClockCmd                 0x08002934   Section        0  stm32f4xx_rcc.o(i.RCC_APB2PeriphClockCmd)
    i.RCC_GetClocksFreq                      0x08002954   Section        0  stm32f4xx_rcc.o(i.RCC_GetClocksFreq)
    i.STM32_Init                             0x08002a3c   Section        0  public.o(i.STM32_Init)
    i.SVC_Handler                            0x08002a6c   Section        0  stm32f4xx_it.o(i.SVC_Handler)
    i.SetSysClock                            0x08002a70   Section        0  system_stm32f4xx.o(i.SetSysClock)
    SetSysClock                              0x08002a71   Thumb Code   220  system_stm32f4xx.o(i.SetSysClock)
    i.SysTick_Handler                        0x08002b5c   Section        0  stm32f4xx_it.o(i.SysTick_Handler)
    i.SystemInit                             0x08002b60   Section        0  system_stm32f4xx.o(i.SystemInit)
    i.TI1_Config                             0x08002bc8   Section        0  stm32f4xx_tim.o(i.TI1_Config)
    TI1_Config                               0x08002bc9   Thumb Code    58  stm32f4xx_tim.o(i.TI1_Config)
    i.TI2_Config                             0x08002c02   Section        0  stm32f4xx_tim.o(i.TI2_Config)
    TI2_Config                               0x08002c03   Thumb Code    80  stm32f4xx_tim.o(i.TI2_Config)
    i.TI3_Config                             0x08002c52   Section        0  stm32f4xx_tim.o(i.TI3_Config)
    TI3_Config                               0x08002c53   Thumb Code    72  stm32f4xx_tim.o(i.TI3_Config)
    i.TI4_Config                             0x08002c9a   Section        0  stm32f4xx_tim.o(i.TI4_Config)
    TI4_Config                               0x08002c9b   Thumb Code    80  stm32f4xx_tim.o(i.TI4_Config)
    i.TIM1_CC_IRQHandler                     0x08002cec   Section        0  remote.o(i.TIM1_CC_IRQHandler)
    i.TIM1_UP_TIM10_IRQHandler               0x08002e28   Section        0  remote.o(i.TIM1_UP_TIM10_IRQHandler)
    i.TIM2_IRQHandler                        0x08002ea0   Section        0  ultrasonic.o(i.TIM2_IRQHandler)
    i.TIM7_IRQHandler                        0x08002f60   Section        0  tim.o(i.TIM7_IRQHandler)
    i.TIM_10ms_Init                          0x08002f7c   Section        0  tim.o(i.TIM_10ms_Init)
    i.TIM_ARRPreloadConfig                   0x08002fdc   Section        0  stm32f4xx_tim.o(i.TIM_ARRPreloadConfig)
    i.TIM_ClearITPendingBit                  0x08002ff4   Section        0  stm32f4xx_tim.o(i.TIM_ClearITPendingBit)
    i.TIM_Cmd                                0x08002ffa   Section        0  stm32f4xx_tim.o(i.TIM_Cmd)
    i.TIM_GetCapture1                        0x08003012   Section        0  stm32f4xx_tim.o(i.TIM_GetCapture1)
    i.TIM_GetCapture3                        0x08003018   Section        0  stm32f4xx_tim.o(i.TIM_GetCapture3)
    i.TIM_GetITStatus                        0x0800301e   Section        0  stm32f4xx_tim.o(i.TIM_GetITStatus)
    i.TIM_ICInit                             0x08003040   Section        0  stm32f4xx_tim.o(i.TIM_ICInit)
    i.TIM_ITConfig                           0x080030ae   Section        0  stm32f4xx_tim.o(i.TIM_ITConfig)
    i.TIM_OC1Init                            0x080030c0   Section        0  stm32f4xx_tim.o(i.TIM_OC1Init)
    i.TIM_OC1PolarityConfig                  0x0800313c   Section        0  stm32f4xx_tim.o(i.TIM_OC1PolarityConfig)
    i.TIM_OC1PreloadConfig                   0x0800314e   Section        0  stm32f4xx_tim.o(i.TIM_OC1PreloadConfig)
    i.TIM_OC2Init                            0x08003160   Section        0  stm32f4xx_tim.o(i.TIM_OC2Init)
    i.TIM_OC2PreloadConfig                   0x08003204   Section        0  stm32f4xx_tim.o(i.TIM_OC2PreloadConfig)
    i.TIM_OC3Init                            0x08003220   Section        0  stm32f4xx_tim.o(i.TIM_OC3Init)
    i.TIM_OC3PolarityConfig                  0x080032c0   Section        0  stm32f4xx_tim.o(i.TIM_OC3PolarityConfig)
    i.TIM_OC3PreloadConfig                   0x080032da   Section        0  stm32f4xx_tim.o(i.TIM_OC3PreloadConfig)
    i.TIM_OC4Init                            0x080032ec   Section        0  stm32f4xx_tim.o(i.TIM_OC4Init)
    i.TIM_OC4PreloadConfig                   0x08003364   Section        0  stm32f4xx_tim.o(i.TIM_OC4PreloadConfig)
    i.TIM_SetCompare1                        0x0800337e   Section        0  stm32f4xx_tim.o(i.TIM_SetCompare1)
    i.TIM_SetCompare2                        0x08003382   Section        0  stm32f4xx_tim.o(i.TIM_SetCompare2)
    i.TIM_SetCompare3                        0x08003386   Section        0  stm32f4xx_tim.o(i.TIM_SetCompare3)
    i.TIM_SetCompare4                        0x0800338a   Section        0  stm32f4xx_tim.o(i.TIM_SetCompare4)
    i.TIM_SetCounter                         0x0800338e   Section        0  stm32f4xx_tim.o(i.TIM_SetCounter)
    i.TIM_SetIC1Prescaler                    0x08003392   Section        0  stm32f4xx_tim.o(i.TIM_SetIC1Prescaler)
    i.TIM_SetIC2Prescaler                    0x080033a4   Section        0  stm32f4xx_tim.o(i.TIM_SetIC2Prescaler)
    i.TIM_SetIC3Prescaler                    0x080033be   Section        0  stm32f4xx_tim.o(i.TIM_SetIC3Prescaler)
    i.TIM_SetIC4Prescaler                    0x080033d0   Section        0  stm32f4xx_tim.o(i.TIM_SetIC4Prescaler)
    i.TIM_TimeBaseInit                       0x080033ec   Section        0  stm32f4xx_tim.o(i.TIM_TimeBaseInit)
    i.ULTR_Init                              0x08003470   Section        0  ultrasonic.o(i.ULTR_Init)
    i.ULTR_Start                             0x08003570   Section        0  ultrasonic.o(i.ULTR_Start)
    i.USART1_IRQHandler                      0x08003594   Section        0  usart.o(i.USART1_IRQHandler)
    i.USART1_Init                            0x080035b8   Section        0  usart.o(i.USART1_Init)
    i.USART_Cmd                              0x08003678   Section        0  stm32f4xx_usart.o(i.USART_Cmd)
    i.USART_GetFlagStatus                    0x08003690   Section        0  stm32f4xx_usart.o(i.USART_GetFlagStatus)
    i.USART_ITConfig                         0x080036aa   Section        0  stm32f4xx_usart.o(i.USART_ITConfig)
    i.USART_Init                             0x080036f4   Section        0  stm32f4xx_usart.o(i.USART_Init)
    i.USART_ReceiveData                      0x080037c8   Section        0  stm32f4xx_usart.o(i.USART_ReceiveData)
    i.USART_Send                             0x080037d2   Section        0  usart.o(i.USART_Send)
    i.USART_SendData                         0x08003828   Section        0  stm32f4xx_usart.o(i.USART_SendData)
    i.UsageFault_Handler                     0x08003830   Section        0  stm32f4xx_it.o(i.UsageFault_Handler)
    i.__ARM_fpclassify                       0x08003834   Section        0  fpclassify.o(i.__ARM_fpclassify)
    i.__hardfp_asin                          0x08003868   Section        0  asin.o(i.__hardfp_asin)
    i.__hardfp_atan                          0x08003bc8   Section        0  atan.o(i.__hardfp_atan)
    i.__hardfp_atan2                         0x08003ea0   Section        0  atan2.o(i.__hardfp_atan2)
    i.__hardfp_sqrt                          0x08004090   Section        0  sqrt.o(i.__hardfp_sqrt)
    i.__kernel_poly                          0x0800410a   Section        0  poly.o(i.__kernel_poly)
    i.__mathlib_dbl_infnan                   0x08004202   Section        0  dunder.o(i.__mathlib_dbl_infnan)
    i.__mathlib_dbl_infnan2                  0x08004216   Section        0  dunder.o(i.__mathlib_dbl_infnan2)
    i.__mathlib_dbl_invalid                  0x08004230   Section        0  dunder.o(i.__mathlib_dbl_invalid)
    i.__mathlib_dbl_underflow                0x08004250   Section        0  dunder.o(i.__mathlib_dbl_underflow)
    i.atan                                   0x08004270   Section        0  atan.o(i.atan)
    i.delay_ms                               0x08004280   Section        0  delay.o(i.delay_ms)
    i.delay_us                               0x080042c8   Section        0  delay.o(i.delay_us)
    i.fabs                                   0x08004312   Section        0  fabs.o(i.fabs)
    i.main                                   0x0800432a   Section        0  main.o(i.main)
    i.sendAccelGyroData                      0x08004338   Section        0  protocol.o(i.sendAccelGyroData)
    i.sendAngleData                          0x08004520   Section        0  protocol.o(i.sendAngleData)
    i.sendMotorData                          0x0800468c   Section        0  protocol.o(i.sendMotorData)
    i.sqrt                                   0x080047d0   Section        0  sqrt.o(i.sqrt)
    x$fpl$basic                              0x0800483e   Section       24  basic.o(x$fpl$basic)
    $v0                                      0x0800483e   Number         0  basic.o(x$fpl$basic)
    x$fpl$d2f                                0x08004858   Section       98  d2f.o(x$fpl$d2f)
    $v0                                      0x08004858   Number         0  d2f.o(x$fpl$d2f)
    x$fpl$dadd                               0x080048bc   Section      336  daddsub_clz.o(x$fpl$dadd)
    $v0                                      0x080048bc   Number         0  daddsub_clz.o(x$fpl$dadd)
    _dadd1                                   0x080048cd   Thumb Code     0  daddsub_clz.o(x$fpl$dadd)
    x$fpl$dcmpinf                            0x08004a0c   Section       24  dcmpi.o(x$fpl$dcmpinf)
    $v0                                      0x08004a0c   Number         0  dcmpi.o(x$fpl$dcmpinf)
    x$fpl$ddiv                               0x08004a24   Section      688  ddiv.o(x$fpl$ddiv)
    $v0                                      0x08004a24   Number         0  ddiv.o(x$fpl$ddiv)
    ddiv_entry                               0x08004a2b   Thumb Code     0  ddiv.o(x$fpl$ddiv)
    x$fpl$dfixu                              0x08004cd4   Section       90  dfixu.o(x$fpl$dfixu)
    $v0                                      0x08004cd4   Number         0  dfixu.o(x$fpl$dfixu)
    x$fpl$dflt                               0x08004d2e   Section       46  dflt_clz.o(x$fpl$dflt)
    $v0                                      0x08004d2e   Number         0  dflt_clz.o(x$fpl$dflt)
    x$fpl$dfltu                              0x08004d5c   Section       38  dflt_clz.o(x$fpl$dfltu)
    $v0                                      0x08004d5c   Number         0  dflt_clz.o(x$fpl$dfltu)
    x$fpl$dleqf                              0x08004d84   Section      120  dleqf.o(x$fpl$dleqf)
    $v0                                      0x08004d84   Number         0  dleqf.o(x$fpl$dleqf)
    x$fpl$dmul                               0x08004dfc   Section      340  dmul.o(x$fpl$dmul)
    $v0                                      0x08004dfc   Number         0  dmul.o(x$fpl$dmul)
    x$fpl$dnaninf                            0x08004f50   Section      156  dnaninf.o(x$fpl$dnaninf)
    $v0                                      0x08004f50   Number         0  dnaninf.o(x$fpl$dnaninf)
    x$fpl$dretinf                            0x08004fec   Section       12  dretinf.o(x$fpl$dretinf)
    $v0                                      0x08004fec   Number         0  dretinf.o(x$fpl$dretinf)
    x$fpl$drleqf                             0x08004ff8   Section      108  drleqf.o(x$fpl$drleqf)
    $v0                                      0x08004ff8   Number         0  drleqf.o(x$fpl$drleqf)
    x$fpl$drsb                               0x08005064   Section       22  daddsub_clz.o(x$fpl$drsb)
    $v0                                      0x08005064   Number         0  daddsub_clz.o(x$fpl$drsb)
    x$fpl$dsqrt                              0x0800507c   Section      408  dsqrt_umaal.o(x$fpl$dsqrt)
    $v0                                      0x0800507c   Number         0  dsqrt_umaal.o(x$fpl$dsqrt)
    x$fpl$dsub                               0x08005214   Section      468  daddsub_clz.o(x$fpl$dsub)
    $v0                                      0x08005214   Number         0  daddsub_clz.o(x$fpl$dsub)
    _dsub1                                   0x08005225   Thumb Code     0  daddsub_clz.o(x$fpl$dsub)
    x$fpl$fpinit                             0x080053e8   Section       10  fpinit.o(x$fpl$fpinit)
    $v0                                      0x080053e8   Number         0  fpinit.o(x$fpl$fpinit)
    x$fpl$fretinf                            0x080053f2   Section       10  fretinf.o(x$fpl$fretinf)
    $v0                                      0x080053f2   Number         0  fretinf.o(x$fpl$fretinf)
    x$fpl$usenofp                            0x080053fc   Section        0  usenofp.o(x$fpl$usenofp)
    .constdata                               0x08005400   Section       80  asin.o(.constdata)
    pS                                       0x08005400   Data          48  asin.o(.constdata)
    qS                                       0x08005430   Data          32  asin.o(.constdata)
    .constdata                               0x08005450   Section      152  atan.o(.constdata)
    atanhi                                   0x08005450   Data          32  atan.o(.constdata)
    atanlo                                   0x08005470   Data          32  atan.o(.constdata)
    aTodd                                    0x08005490   Data          40  atan.o(.constdata)
    aTeven                                   0x080054b8   Data          48  atan.o(.constdata)
    .constdata                               0x080054e8   Section        8  qnan.o(.constdata)
    .data                                    0x20000000   Section       12  mpu6050.o(.data)
    .data                                    0x20000010   Section        9  ultrasonic.o(.data)
    .data                                    0x2000001c   Section        9  remote.o(.data)
    .data                                    0x20000026   Section       17  main_control.o(.data)
    .data                                    0x20000038   Section       32  handle.o(.data)
    .data                                    0x20000058   Section       16  stm32f4xx_rcc.o(.data)
    APBAHBPrescTable                         0x20000058   Data          16  stm32f4xx_rcc.o(.data)
    .bss                                     0x20000068   Section      496  main_control.o(.bss)
    .bss                                     0x20000258   Section      128  protocol.o(.bss)
    txBuf                                    0x20000258   Data         128  protocol.o(.bss)
    .bss                                     0x200002d8   Section       96  libspace.o(.bss)
    HEAP                                     0x20000338   Section      512  startup_stm32f40_41xxx.o(HEAP)
    Heap_Mem                                 0x20000338   Data         512  startup_stm32f40_41xxx.o(HEAP)
    STACK                                    0x20000538   Section     1024  startup_stm32f40_41xxx.o(STACK)
    Stack_Mem                                0x20000538   Data        1024  startup_stm32f40_41xxx.o(STACK)
    __initial_sp                             0x20000938   Data           0  startup_stm32f40_41xxx.o(STACK)

    Global Symbols

    Symbol Name                              Value     Ov Type        Size  Object(Section)

    BuildAttributes$$THM_ISAv4$E$P$D$K$B$S$7EM$VFPi3$EXTD16$VFPS$VFMA$PE$A:L22UL41UL21$X:L11$S22US41US21$IEEE1$IW$USESV6$~STKCKD$USESV7$~SHL$OTIME$ROPI$IEEEX$EBA8$UX$STANDARDLIB$REQ8$PRES8$EABIv2 0x00000000   Number         0  anon$$obj.o ABSOLUTE
    __ARM_use_no_argv                        0x00000000   Number         0  main.o ABSOLUTE
    __ARM_exceptions_init                     - Undefined Weak Reference
    __alloca_initialize                       - Undefined Weak Reference
    __arm_preinit_                            - Undefined Weak Reference
    __cpp_initialize__aeabi_                  - Undefined Weak Reference
    __cxa_finalize                            - Undefined Weak Reference
    __rt_locale                               - Undefined Weak Reference
    __sigvec_lookup                           - Undefined Weak Reference
    _atexit_init                              - Undefined Weak Reference
    _call_atexit_fns                          - Undefined Weak Reference
    _clock_init                               - Undefined Weak Reference
    _fp_trap_init                             - Undefined Weak Reference
    _fp_trap_shutdown                         - Undefined Weak Reference
    _get_lc_collate                           - Undefined Weak Reference
    _get_lc_ctype                             - Undefined Weak Reference
    _get_lc_monetary                          - Undefined Weak Reference
    _get_lc_numeric                           - Undefined Weak Reference
    _get_lc_time                              - Undefined Weak Reference
    _getenv_init                              - Undefined Weak Reference
    _handle_redirection                       - Undefined Weak Reference
    _init_alloc                               - Undefined Weak Reference
    _init_user_alloc                          - Undefined Weak Reference
    _initio                                   - Undefined Weak Reference
    _rand_init                                - Undefined Weak Reference
    _signal_finish                            - Undefined Weak Reference
    _signal_init                              - Undefined Weak Reference
    _terminate_alloc                          - Undefined Weak Reference
    _terminate_user_alloc                     - Undefined Weak Reference
    _terminateio                              - Undefined Weak Reference
    __Vectors_Size                           0x00000188   Number         0  startup_stm32f40_41xxx.o ABSOLUTE
    __Vectors                                0x08000000   Data           4  startup_stm32f40_41xxx.o(RESET)
    __Vectors_End                            0x08000188   Data           0  startup_stm32f40_41xxx.o(RESET)
    __main                                   0x08000189   Thumb Code     8  __main.o(!!!main)
    __scatterload                            0x08000191   Thumb Code     0  __scatter.o(!!!scatter)
    __scatterload_rt2                        0x08000191   Thumb Code    44  __scatter.o(!!!scatter)
    __scatterload_rt2_thumb_only             0x08000191   Thumb Code     0  __scatter.o(!!!scatter)
    __scatterload_null                       0x0800019f   Thumb Code     0  __scatter.o(!!!scatter)
    __scatterload_copy                       0x080001c5   Thumb Code    26  __scatter_copy.o(!!handler_copy)
    __scatterload_zeroinit                   0x080001e1   Thumb Code    28  __scatter_zi.o(!!handler_zi)
    __rt_lib_init                            0x080001fd   Thumb Code     0  libinit.o(.ARM.Collect$$libinit$$00000000)
    __rt_lib_init_fp_1                       0x080001ff   Thumb Code     0  libinit2.o(.ARM.Collect$$libinit$$00000001)
    __rt_lib_init_alloca_1                   0x08000203   Thumb Code     0  libinit2.o(.ARM.Collect$$libinit$$0000002E)
    __rt_lib_init_argv_1                     0x08000203   Thumb Code     0  libinit2.o(.ARM.Collect$$libinit$$0000002C)
    __rt_lib_init_atexit_1                   0x08000203   Thumb Code     0  libinit2.o(.ARM.Collect$$libinit$$0000001B)
    __rt_lib_init_clock_1                    0x08000203   Thumb Code     0  libinit2.o(.ARM.Collect$$libinit$$00000021)
    __rt_lib_init_cpp_1                      0x08000203   Thumb Code     0  libinit2.o(.ARM.Collect$$libinit$$00000032)
    __rt_lib_init_exceptions_1               0x08000203   Thumb Code     0  libinit2.o(.ARM.Collect$$libinit$$00000030)
    __rt_lib_init_fp_trap_1                  0x08000203   Thumb Code     0  libinit2.o(.ARM.Collect$$libinit$$0000001F)
    __rt_lib_init_getenv_1                   0x08000203   Thumb Code     0  libinit2.o(.ARM.Collect$$libinit$$00000023)
    __rt_lib_init_heap_1                     0x08000203   Thumb Code     0  libinit2.o(.ARM.Collect$$libinit$$0000000A)
    __rt_lib_init_lc_collate_1               0x08000203   Thumb Code     0  libinit2.o(.ARM.Collect$$libinit$$00000011)
    __rt_lib_init_lc_ctype_1                 0x08000203   Thumb Code     0  libinit2.o(.ARM.Collect$$libinit$$00000013)
    __rt_lib_init_lc_monetary_1              0x08000203   Thumb Code     0  libinit2.o(.ARM.Collect$$libinit$$00000015)
    __rt_lib_init_lc_numeric_1               0x08000203   Thumb Code     0  libinit2.o(.ARM.Collect$$libinit$$00000017)
    __rt_lib_init_lc_time_1                  0x08000203   Thumb Code     0  libinit2.o(.ARM.Collect$$libinit$$00000019)
    __rt_lib_init_preinit_1                  0x08000203   Thumb Code     0  libinit2.o(.ARM.Collect$$libinit$$00000004)
    __rt_lib_init_rand_1                     0x08000203   Thumb Code     0  libinit2.o(.ARM.Collect$$libinit$$0000000E)
    __rt_lib_init_return                     0x08000203   Thumb Code     0  libinit2.o(.ARM.Collect$$libinit$$00000033)
    __rt_lib_init_signal_1                   0x08000203   Thumb Code     0  libinit2.o(.ARM.Collect$$libinit$$0000001D)
    __rt_lib_init_stdio_1                    0x08000203   Thumb Code     0  libinit2.o(.ARM.Collect$$libinit$$00000025)
    __rt_lib_init_user_alloc_1               0x08000203   Thumb Code     0  libinit2.o(.ARM.Collect$$libinit$$0000000C)
    __rt_lib_shutdown                        0x08000205   Thumb Code     0  libshutdown.o(.ARM.Collect$$libshutdown$$00000000)
    __rt_lib_shutdown_cpp_1                  0x08000207   Thumb Code     0  libshutdown2.o(.ARM.Collect$$libshutdown$$00000002)
    __rt_lib_shutdown_fp_trap_1              0x08000207   Thumb Code     0  libshutdown2.o(.ARM.Collect$$libshutdown$$00000007)
    __rt_lib_shutdown_heap_1                 0x08000207   Thumb Code     0  libshutdown2.o(.ARM.Collect$$libshutdown$$0000000F)
    __rt_lib_shutdown_return                 0x08000207   Thumb Code     0  libshutdown2.o(.ARM.Collect$$libshutdown$$00000010)
    __rt_lib_shutdown_signal_1               0x08000207   Thumb Code     0  libshutdown2.o(.ARM.Collect$$libshutdown$$0000000A)
    __rt_lib_shutdown_stdio_1                0x08000207   Thumb Code     0  libshutdown2.o(.ARM.Collect$$libshutdown$$00000004)
    __rt_lib_shutdown_user_alloc_1           0x08000207   Thumb Code     0  libshutdown2.o(.ARM.Collect$$libshutdown$$0000000C)
    __rt_entry                               0x08000209   Thumb Code     0  __rtentry.o(.ARM.Collect$$rtentry$$00000000)
    __rt_entry_presh_1                       0x08000209   Thumb Code     0  __rtentry2.o(.ARM.Collect$$rtentry$$00000002)
    __rt_entry_sh                            0x08000209   Thumb Code     0  __rtentry4.o(.ARM.Collect$$rtentry$$00000004)
    __rt_entry_li                            0x0800020f   Thumb Code     0  __rtentry2.o(.ARM.Collect$$rtentry$$0000000A)
    __rt_entry_postsh_1                      0x0800020f   Thumb Code     0  __rtentry2.o(.ARM.Collect$$rtentry$$00000009)
    __rt_entry_main                          0x08000213   Thumb Code     0  __rtentry2.o(.ARM.Collect$$rtentry$$0000000D)
    __rt_entry_postli_1                      0x08000213   Thumb Code     0  __rtentry2.o(.ARM.Collect$$rtentry$$0000000C)
    __rt_exit                                0x0800021b   Thumb Code     0  rtexit.o(.ARM.Collect$$rtexit$$00000000)
    __rt_exit_ls                             0x0800021d   Thumb Code     0  rtexit2.o(.ARM.Collect$$rtexit$$00000003)
    __rt_exit_prels_1                        0x0800021d   Thumb Code     0  rtexit2.o(.ARM.Collect$$rtexit$$00000002)
    __rt_exit_exit                           0x08000221   Thumb Code     0  rtexit2.o(.ARM.Collect$$rtexit$$00000004)
    Reset_Handler                            0x08000229   Thumb Code     8  startup_stm32f40_41xxx.o(.text)
    ADC_IRQHandler                           0x08000243   Thumb Code     0  startup_stm32f40_41xxx.o(.text)
    CAN1_RX0_IRQHandler                      0x08000243   Thumb Code     0  startup_stm32f40_41xxx.o(.text)
    CAN1_RX1_IRQHandler                      0x08000243   Thumb Code     0  startup_stm32f40_41xxx.o(.text)
    CAN1_SCE_IRQHandler                      0x08000243   Thumb Code     0  startup_stm32f40_41xxx.o(.text)
    CAN1_TX_IRQHandler                       0x08000243   Thumb Code     0  startup_stm32f40_41xxx.o(.text)
    CAN2_RX0_IRQHandler                      0x08000243   Thumb Code     0  startup_stm32f40_41xxx.o(.text)
    CAN2_RX1_IRQHandler                      0x08000243   Thumb Code     0  startup_stm32f40_41xxx.o(.text)
    CAN2_SCE_IRQHandler                      0x08000243   Thumb Code     0  startup_stm32f40_41xxx.o(.text)
    CAN2_TX_IRQHandler                       0x08000243   Thumb Code     0  startup_stm32f40_41xxx.o(.text)
    CRYP_IRQHandler                          0x08000243   Thumb Code     0  startup_stm32f40_41xxx.o(.text)
    DCMI_IRQHandler                          0x08000243   Thumb Code     0  startup_stm32f40_41xxx.o(.text)
    DMA1_Stream0_IRQHandler                  0x08000243   Thumb Code     0  startup_stm32f40_41xxx.o(.text)
    DMA1_Stream1_IRQHandler                  0x08000243   Thumb Code     0  startup_stm32f40_41xxx.o(.text)
    DMA1_Stream2_IRQHandler                  0x08000243   Thumb Code     0  startup_stm32f40_41xxx.o(.text)
    DMA1_Stream3_IRQHandler                  0x08000243   Thumb Code     0  startup_stm32f40_41xxx.o(.text)
    DMA1_Stream4_IRQHandler                  0x08000243   Thumb Code     0  startup_stm32f40_41xxx.o(.text)
    DMA1_Stream5_IRQHandler                  0x08000243   Thumb Code     0  startup_stm32f40_41xxx.o(.text)
    DMA1_Stream6_IRQHandler                  0x08000243   Thumb Code     0  startup_stm32f40_41xxx.o(.text)
    DMA1_Stream7_IRQHandler                  0x08000243   Thumb Code     0  startup_stm32f40_41xxx.o(.text)
    DMA2_Stream0_IRQHandler                  0x08000243   Thumb Code     0  startup_stm32f40_41xxx.o(.text)
    DMA2_Stream1_IRQHandler                  0x08000243   Thumb Code     0  startup_stm32f40_41xxx.o(.text)
    DMA2_Stream2_IRQHandler                  0x08000243   Thumb Code     0  startup_stm32f40_41xxx.o(.text)
    DMA2_Stream3_IRQHandler                  0x08000243   Thumb Code     0  startup_stm32f40_41xxx.o(.text)
    DMA2_Stream4_IRQHandler                  0x08000243   Thumb Code     0  startup_stm32f40_41xxx.o(.text)
    DMA2_Stream5_IRQHandler                  0x08000243   Thumb Code     0  startup_stm32f40_41xxx.o(.text)
    DMA2_Stream6_IRQHandler                  0x08000243   Thumb Code     0  startup_stm32f40_41xxx.o(.text)
    DMA2_Stream7_IRQHandler                  0x08000243   Thumb Code     0  startup_stm32f40_41xxx.o(.text)
    ETH_IRQHandler                           0x08000243   Thumb Code     0  startup_stm32f40_41xxx.o(.text)
    ETH_WKUP_IRQHandler                      0x08000243   Thumb Code     0  startup_stm32f40_41xxx.o(.text)
    EXTI0_IRQHandler                         0x08000243   Thumb Code     0  startup_stm32f40_41xxx.o(.text)
    EXTI15_10_IRQHandler                     0x08000243   Thumb Code     0  startup_stm32f40_41xxx.o(.text)
    EXTI1_IRQHandler                         0x08000243   Thumb Code     0  startup_stm32f40_41xxx.o(.text)
    EXTI2_IRQHandler                         0x08000243   Thumb Code     0  startup_stm32f40_41xxx.o(.text)
    EXTI3_IRQHandler                         0x08000243   Thumb Code     0  startup_stm32f40_41xxx.o(.text)
    EXTI4_IRQHandler                         0x08000243   Thumb Code     0  startup_stm32f40_41xxx.o(.text)
    EXTI9_5_IRQHandler                       0x08000243   Thumb Code     0  startup_stm32f40_41xxx.o(.text)
    FLASH_IRQHandler                         0x08000243   Thumb Code     0  startup_stm32f40_41xxx.o(.text)
    FPU_IRQHandler                           0x08000243   Thumb Code     0  startup_stm32f40_41xxx.o(.text)
    FSMC_IRQHandler                          0x08000243   Thumb Code     0  startup_stm32f40_41xxx.o(.text)
    HASH_RNG_IRQHandler                      0x08000243   Thumb Code     0  startup_stm32f40_41xxx.o(.text)
    I2C1_ER_IRQHandler                       0x08000243   Thumb Code     0  startup_stm32f40_41xxx.o(.text)
    I2C1_EV_IRQHandler                       0x08000243   Thumb Code     0  startup_stm32f40_41xxx.o(.text)
    I2C2_ER_IRQHandler                       0x08000243   Thumb Code     0  startup_stm32f40_41xxx.o(.text)
    I2C2_EV_IRQHandler                       0x08000243   Thumb Code     0  startup_stm32f40_41xxx.o(.text)
    I2C3_ER_IRQHandler                       0x08000243   Thumb Code     0  startup_stm32f40_41xxx.o(.text)
    I2C3_EV_IRQHandler                       0x08000243   Thumb Code     0  startup_stm32f40_41xxx.o(.text)
    OTG_FS_IRQHandler                        0x08000243   Thumb Code     0  startup_stm32f40_41xxx.o(.text)
    OTG_FS_WKUP_IRQHandler                   0x08000243   Thumb Code     0  startup_stm32f40_41xxx.o(.text)
    OTG_HS_EP1_IN_IRQHandler                 0x08000243   Thumb Code     0  startup_stm32f40_41xxx.o(.text)
    OTG_HS_EP1_OUT_IRQHandler                0x08000243   Thumb Code     0  startup_stm32f40_41xxx.o(.text)
    OTG_HS_IRQHandler                        0x08000243   Thumb Code     0  startup_stm32f40_41xxx.o(.text)
    OTG_HS_WKUP_IRQHandler                   0x08000243   Thumb Code     0  startup_stm32f40_41xxx.o(.text)
    PVD_IRQHandler                           0x08000243   Thumb Code     0  startup_stm32f40_41xxx.o(.text)
    RCC_IRQHandler                           0x08000243   Thumb Code     0  startup_stm32f40_41xxx.o(.text)
    RTC_Alarm_IRQHandler                     0x08000243   Thumb Code     0  startup_stm32f40_41xxx.o(.text)
    RTC_WKUP_IRQHandler                      0x08000243   Thumb Code     0  startup_stm32f40_41xxx.o(.text)
    SDIO_IRQHandler                          0x08000243   Thumb Code     0  startup_stm32f40_41xxx.o(.text)
    SPI1_IRQHandler                          0x08000243   Thumb Code     0  startup_stm32f40_41xxx.o(.text)
    SPI2_IRQHandler                          0x08000243   Thumb Code     0  startup_stm32f40_41xxx.o(.text)
    SPI3_IRQHandler                          0x08000243   Thumb Code     0  startup_stm32f40_41xxx.o(.text)
    TAMP_STAMP_IRQHandler                    0x08000243   Thumb Code     0  startup_stm32f40_41xxx.o(.text)
    TIM1_BRK_TIM9_IRQHandler                 0x08000243   Thumb Code     0  startup_stm32f40_41xxx.o(.text)
    TIM1_TRG_COM_TIM11_IRQHandler            0x08000243   Thumb Code     0  startup_stm32f40_41xxx.o(.text)
    TIM3_IRQHandler                          0x08000243   Thumb Code     0  startup_stm32f40_41xxx.o(.text)
    TIM4_IRQHandler                          0x08000243   Thumb Code     0  startup_stm32f40_41xxx.o(.text)
    TIM5_IRQHandler                          0x08000243   Thumb Code     0  startup_stm32f40_41xxx.o(.text)
    TIM6_DAC_IRQHandler                      0x08000243   Thumb Code     0  startup_stm32f40_41xxx.o(.text)
    TIM8_BRK_TIM12_IRQHandler                0x08000243   Thumb Code     0  startup_stm32f40_41xxx.o(.text)
    TIM8_CC_IRQHandler                       0x08000243   Thumb Code     0  startup_stm32f40_41xxx.o(.text)
    TIM8_TRG_COM_TIM14_IRQHandler            0x08000243   Thumb Code     0  startup_stm32f40_41xxx.o(.text)
    TIM8_UP_TIM13_IRQHandler                 0x08000243   Thumb Code     0  startup_stm32f40_41xxx.o(.text)
    UART4_IRQHandler                         0x08000243   Thumb Code     0  startup_stm32f40_41xxx.o(.text)
    UART5_IRQHandler                         0x08000243   Thumb Code     0  startup_stm32f40_41xxx.o(.text)
    USART2_IRQHandler                        0x08000243   Thumb Code     0  startup_stm32f40_41xxx.o(.text)
    USART3_IRQHandler                        0x08000243   Thumb Code     0  startup_stm32f40_41xxx.o(.text)
    USART6_IRQHandler                        0x08000243   Thumb Code     0  startup_stm32f40_41xxx.o(.text)
    WWDG_IRQHandler                          0x08000243   Thumb Code     0  startup_stm32f40_41xxx.o(.text)
    __user_initial_stackheap                 0x08000245   Thumb Code     0  startup_stm32f40_41xxx.o(.text)
    __use_two_region_memory                  0x08000269   Thumb Code     2  heapauxi.o(.text)
    __rt_heap_escrow$2region                 0x0800026b   Thumb Code     2  heapauxi.o(.text)
    __rt_heap_expand$2region                 0x0800026d   Thumb Code     2  heapauxi.o(.text)
    __read_errno                             0x0800026f   Thumb Code    10  _rserrno.o(.text)
    __set_errno                              0x08000279   Thumb Code    12  _rserrno.o(.text)
    __aeabi_errno_addr                       0x08000285   Thumb Code     8  rt_errno_addr_intlibspace.o(.text)
    __errno$intlibspace                      0x08000285   Thumb Code     0  rt_errno_addr_intlibspace.o(.text)
    __rt_errno_addr$intlibspace              0x08000285   Thumb Code     0  rt_errno_addr_intlibspace.o(.text)
    __user_libspace                          0x0800028d   Thumb Code     8  libspace.o(.text)
    __user_perproc_libspace                  0x0800028d   Thumb Code     0  libspace.o(.text)
    __user_perthread_libspace                0x0800028d   Thumb Code     0  libspace.o(.text)
    __user_setup_stackheap                   0x08000295   Thumb Code    74  sys_stackheap_outer.o(.text)
    exit                                     0x080002df   Thumb Code    18  exit.o(.text)
    _sys_exit                                0x080002f1   Thumb Code     8  sys_exit.o(.text)
    __I$use$semihosting                      0x080002fd   Thumb Code     0  use_no_semi.o(.text)
    __use_no_semihosting_swi                 0x080002fd   Thumb Code     2  use_no_semi.o(.text)
    BusFault_Handler                         0x080002ff   Thumb Code     4  stm32f4xx_it.o(i.BusFault_Handler)
    __semihosting_library_function           0x080002ff   Thumb Code     0  indicate_semi.o(.text)
    Control_10ms                             0x08000305   Thumb Code  1446  main_control.o(i.Control_10ms)
    Control_main                             0x080008c5   Thumb Code   696  main_control.o(i.Control_main)
    DebugMon_Handler                         0x08000be1   Thumb Code     2  stm32f4xx_it.o(i.DebugMon_Handler)
    GPIO_Init                                0x08000be3   Thumb Code   144  stm32f4xx_gpio.o(i.GPIO_Init)
    GPIO_PinAFConfig                         0x08000c73   Thumb Code    70  stm32f4xx_gpio.o(i.GPIO_PinAFConfig)
    GPIO_ReadInputDataBit                    0x08000cb9   Thumb Code    18  stm32f4xx_gpio.o(i.GPIO_ReadInputDataBit)
    GPIO_ReadOutputDataBit                   0x08000ccb   Thumb Code    18  stm32f4xx_gpio.o(i.GPIO_ReadOutputDataBit)
    GPIO_ResetBits                           0x08000cdd   Thumb Code     4  stm32f4xx_gpio.o(i.GPIO_ResetBits)
    GPIO_SetBits                             0x08000ce1   Thumb Code     4  stm32f4xx_gpio.o(i.GPIO_SetBits)
    Get_angle                                0x08000ce5   Thumb Code  3642  handle.o(i.Get_angle)
    Get_flight_param                         0x08001b39   Thumb Code   184  handle.o(i.Get_flight_param)
    Get_offset                               0x08001c01   Thumb Code   232  mpu6050.o(i.Get_offset)
    HardFault_Handler                        0x08001cf1   Thumb Code     4  stm32f4xx_it.o(i.HardFault_Handler)
    I2C_Ack                                  0x08001cf5   Thumb Code    54  i2c.o(i.I2C_Ack)
    I2C_ReadByte                             0x08001d31   Thumb Code    84  i2c.o(i.I2C_ReadByte)
    I2C_RecieveByte                          0x08001d89   Thumb Code    72  i2c.o(i.I2C_RecieveByte)
    I2C_RecieveBytes                         0x08001dd1   Thumb Code   114  i2c.o(i.I2C_RecieveBytes)
    I2C_SCL_Init                             0x08001e45   Thumb Code    54  i2c.o(i.I2C_SCL_Init)
    I2C_SDA_Init                             0x08001e81   Thumb Code    58  i2c.o(i.I2C_SDA_Init)
    I2C_S_Init                               0x08001ec1   Thumb Code    22  i2c.o(i.I2C_S_Init)
    I2C_SendByte                             0x08001edd   Thumb Code    76  i2c.o(i.I2C_SendByte)
    I2C_Start                                0x08001f29   Thumb Code    54  i2c.o(i.I2C_Start)
    I2C_Stop                                 0x08001f65   Thumb Code    54  i2c.o(i.I2C_Stop)
    I2C_WriteByte                            0x08001fa1   Thumb Code    96  i2c.o(i.I2C_WriteByte)
    I2C_nAck                                 0x08002005   Thumb Code    54  i2c.o(i.I2C_nAck)
    I2C_rAck                                 0x08002041   Thumb Code    72  i2c.o(i.I2C_rAck)
    KEY_Init                                 0x0800208d   Thumb Code    60  key.o(i.KEY_Init)
    LED_Change                               0x080020d1   Thumb Code    34  led.o(i.LED_Change)
    LED_Init                                 0x080020f9   Thumb Code    56  led.o(i.LED_Init)
    MOTOR_Init                               0x08002135   Thumb Code   276  motor.o(i.MOTOR_Init)
    MPU6050_Init                             0x08002251   Thumb Code    98  mpu6050.o(i.MPU6050_Init)
    MPU_Get_Accelerometer                    0x080022b3   Thumb Code    72  mpu6050.o(i.MPU_Get_Accelerometer)
    MPU_Get_Gyroscope                        0x080022fb   Thumb Code    72  mpu6050.o(i.MPU_Get_Gyroscope)
    MPU_Get_param                            0x08002345   Thumb Code   288  mpu6050.o(i.MPU_Get_param)
    MemManage_Handler                        0x08002485   Thumb Code     4  stm32f4xx_it.o(i.MemManage_Handler)
    NMI_Handler                              0x08002489   Thumb Code     2  stm32f4xx_it.o(i.NMI_Handler)
    NVIC_Init                                0x0800248d   Thumb Code   106  misc.o(i.NVIC_Init)
    PID_Compulate                            0x08002505   Thumb Code   550  pid.o(i.PID_Compulate)
    PID_param_Init                           0x0800273d   Thumb Code   244  pid.o(i.PID_param_Init)
    PID_param_Reset                          0x08002895   Thumb Code    82  pid.o(i.PID_param_Reset)
    PendSV_Handler                           0x080028f1   Thumb Code     2  stm32f4xx_it.o(i.PendSV_Handler)
    RCC_AHB1PeriphClockCmd                   0x080028f5   Thumb Code    26  stm32f4xx_rcc.o(i.RCC_AHB1PeriphClockCmd)
    RCC_APB1PeriphClockCmd                   0x08002915   Thumb Code    26  stm32f4xx_rcc.o(i.RCC_APB1PeriphClockCmd)
    RCC_APB2PeriphClockCmd                   0x08002935   Thumb Code    26  stm32f4xx_rcc.o(i.RCC_APB2PeriphClockCmd)
    RCC_GetClocksFreq                        0x08002955   Thumb Code   214  stm32f4xx_rcc.o(i.RCC_GetClocksFreq)
    STM32_Init                               0x08002a3d   Thumb Code    48  public.o(i.STM32_Init)
    SVC_Handler                              0x08002a6d   Thumb Code     2  stm32f4xx_it.o(i.SVC_Handler)
    SysTick_Handler                          0x08002b5d   Thumb Code     2  stm32f4xx_it.o(i.SysTick_Handler)
    SystemInit                               0x08002b61   Thumb Code    88  system_stm32f4xx.o(i.SystemInit)
    TIM1_CC_IRQHandler                       0x08002ced   Thumb Code   290  remote.o(i.TIM1_CC_IRQHandler)
    TIM1_UP_TIM10_IRQHandler                 0x08002e29   Thumb Code   112  remote.o(i.TIM1_UP_TIM10_IRQHandler)
    TIM2_IRQHandler                          0x08002ea1   Thumb Code   174  ultrasonic.o(i.TIM2_IRQHandler)
    TIM7_IRQHandler                          0x08002f61   Thumb Code    18  tim.o(i.TIM7_IRQHandler)
    TIM_10ms_Init                            0x08002f7d   Thumb Code    92  tim.o(i.TIM_10ms_Init)
    TIM_ARRPreloadConfig                     0x08002fdd   Thumb Code    24  stm32f4xx_tim.o(i.TIM_ARRPreloadConfig)
    TIM_ClearITPendingBit                    0x08002ff5   Thumb Code     6  stm32f4xx_tim.o(i.TIM_ClearITPendingBit)
    TIM_Cmd                                  0x08002ffb   Thumb Code    24  stm32f4xx_tim.o(i.TIM_Cmd)
    TIM_GetCapture1                          0x08003013   Thumb Code     6  stm32f4xx_tim.o(i.TIM_GetCapture1)
    TIM_GetCapture3                          0x08003019   Thumb Code     6  stm32f4xx_tim.o(i.TIM_GetCapture3)
    TIM_GetITStatus                          0x0800301f   Thumb Code    34  stm32f4xx_tim.o(i.TIM_GetITStatus)
    TIM_ICInit                               0x08003041   Thumb Code   110  stm32f4xx_tim.o(i.TIM_ICInit)
    TIM_ITConfig                             0x080030af   Thumb Code    18  stm32f4xx_tim.o(i.TIM_ITConfig)
    TIM_OC1Init                              0x080030c1   Thumb Code   114  stm32f4xx_tim.o(i.TIM_OC1Init)
    TIM_OC1PolarityConfig                    0x0800313d   Thumb Code    18  stm32f4xx_tim.o(i.TIM_OC1PolarityConfig)
    TIM_OC1PreloadConfig                     0x0800314f   Thumb Code    18  stm32f4xx_tim.o(i.TIM_OC1PreloadConfig)
    TIM_OC2Init                              0x08003161   Thumb Code   154  stm32f4xx_tim.o(i.TIM_OC2Init)
    TIM_OC2PreloadConfig                     0x08003205   Thumb Code    26  stm32f4xx_tim.o(i.TIM_OC2PreloadConfig)
    TIM_OC3Init                              0x08003221   Thumb Code   150  stm32f4xx_tim.o(i.TIM_OC3Init)
    TIM_OC3PolarityConfig                    0x080032c1   Thumb Code    26  stm32f4xx_tim.o(i.TIM_OC3PolarityConfig)
    TIM_OC3PreloadConfig                     0x080032db   Thumb Code    18  stm32f4xx_tim.o(i.TIM_OC3PreloadConfig)
    TIM_OC4Init                              0x080032ed   Thumb Code   112  stm32f4xx_tim.o(i.TIM_OC4Init)
    TIM_OC4PreloadConfig                     0x08003365   Thumb Code    26  stm32f4xx_tim.o(i.TIM_OC4PreloadConfig)
    TIM_SetCompare1                          0x0800337f   Thumb Code     4  stm32f4xx_tim.o(i.TIM_SetCompare1)
    TIM_SetCompare2                          0x08003383   Thumb Code     4  stm32f4xx_tim.o(i.TIM_SetCompare2)
    TIM_SetCompare3                          0x08003387   Thumb Code     4  stm32f4xx_tim.o(i.TIM_SetCompare3)
    TIM_SetCompare4                          0x0800338b   Thumb Code     4  stm32f4xx_tim.o(i.TIM_SetCompare4)
    TIM_SetCounter                           0x0800338f   Thumb Code     4  stm32f4xx_tim.o(i.TIM_SetCounter)
    TIM_SetIC1Prescaler                      0x08003393   Thumb Code    18  stm32f4xx_tim.o(i.TIM_SetIC1Prescaler)
    TIM_SetIC2Prescaler                      0x080033a5   Thumb Code    26  stm32f4xx_tim.o(i.TIM_SetIC2Prescaler)
    TIM_SetIC3Prescaler                      0x080033bf   Thumb Code    18  stm32f4xx_tim.o(i.TIM_SetIC3Prescaler)
    TIM_SetIC4Prescaler                      0x080033d1   Thumb Code    26  stm32f4xx_tim.o(i.TIM_SetIC4Prescaler)
    TIM_TimeBaseInit                         0x080033ed   Thumb Code   104  stm32f4xx_tim.o(i.TIM_TimeBaseInit)
    ULTR_Init                                0x08003471   Thumb Code   246  ultrasonic.o(i.ULTR_Init)
    ULTR_Start                               0x08003571   Thumb Code    30  ultrasonic.o(i.ULTR_Start)
    USART1_IRQHandler                        0x08003595   Thumb Code    26  usart.o(i.USART1_IRQHandler)
    USART1_Init                              0x080035b9   Thumb Code   182  usart.o(i.USART1_Init)
    USART_Cmd                                0x08003679   Thumb Code    24  stm32f4xx_usart.o(i.USART_Cmd)
    USART_GetFlagStatus                      0x08003691   Thumb Code    26  stm32f4xx_usart.o(i.USART_GetFlagStatus)
    USART_ITConfig                           0x080036ab   Thumb Code    74  stm32f4xx_usart.o(i.USART_ITConfig)
    USART_Init                               0x080036f5   Thumb Code   204  stm32f4xx_usart.o(i.USART_Init)
    USART_ReceiveData                        0x080037c9   Thumb Code    10  stm32f4xx_usart.o(i.USART_ReceiveData)
    USART_Send                               0x080037d3   Thumb Code    86  usart.o(i.USART_Send)
    USART_SendData                           0x08003829   Thumb Code     8  stm32f4xx_usart.o(i.USART_SendData)
    UsageFault_Handler                       0x08003831   Thumb Code     4  stm32f4xx_it.o(i.UsageFault_Handler)
    __ARM_fpclassify                         0x08003835   Thumb Code    48  fpclassify.o(i.__ARM_fpclassify)
    __hardfp_asin                            0x08003869   Thumb Code   770  asin.o(i.__hardfp_asin)
    __hardfp_atan                            0x08003bc9   Thumb Code   622  atan.o(i.__hardfp_atan)
    __hardfp_atan2                           0x08003ea1   Thumb Code   432  atan2.o(i.__hardfp_atan2)
    __hardfp_sqrt                            0x08004091   Thumb Code   122  sqrt.o(i.__hardfp_sqrt)
    __kernel_poly                            0x0800410b   Thumb Code   248  poly.o(i.__kernel_poly)
    __mathlib_dbl_infnan                     0x08004203   Thumb Code    20  dunder.o(i.__mathlib_dbl_infnan)
    __mathlib_dbl_infnan2                    0x08004217   Thumb Code    20  dunder.o(i.__mathlib_dbl_infnan2)
    __mathlib_dbl_invalid                    0x08004231   Thumb Code    24  dunder.o(i.__mathlib_dbl_invalid)
    __mathlib_dbl_underflow                  0x08004251   Thumb Code    24  dunder.o(i.__mathlib_dbl_underflow)
    atan                                     0x08004271   Thumb Code    16  atan.o(i.atan)
    delay_ms                                 0x08004281   Thumb Code    72  delay.o(i.delay_ms)
    delay_us                                 0x080042c9   Thumb Code    74  delay.o(i.delay_us)
    fabs                                     0x08004313   Thumb Code    24  fabs.o(i.fabs)
    main                                     0x0800432b   Thumb Code    12  main.o(i.main)
    sendAccelGyroData                        0x08004339   Thumb Code   474  protocol.o(i.sendAccelGyroData)
    sendAngleData                            0x08004521   Thumb Code   352  protocol.o(i.sendAngleData)
    sendMotorData                            0x0800468d   Thumb Code   316  protocol.o(i.sendMotorData)
    sqrt                                     0x080047d1   Thumb Code   110  sqrt.o(i.sqrt)
    __aeabi_dneg                             0x0800483f   Thumb Code     0  basic.o(x$fpl$basic)
    _dneg                                    0x0800483f   Thumb Code     6  basic.o(x$fpl$basic)
    __aeabi_fneg                             0x08004845   Thumb Code     0  basic.o(x$fpl$basic)
    _fneg                                    0x08004845   Thumb Code     6  basic.o(x$fpl$basic)
    _dabs                                    0x0800484b   Thumb Code     6  basic.o(x$fpl$basic)
    _fabs                                    0x08004851   Thumb Code     6  basic.o(x$fpl$basic)
    __aeabi_d2f                              0x08004859   Thumb Code     0  d2f.o(x$fpl$d2f)
    _d2f                                     0x08004859   Thumb Code    98  d2f.o(x$fpl$d2f)
    __aeabi_dadd                             0x080048bd   Thumb Code     0  daddsub_clz.o(x$fpl$dadd)
    _dadd                                    0x080048bd   Thumb Code   332  daddsub_clz.o(x$fpl$dadd)
    __fpl_dcmp_Inf                           0x08004a0d   Thumb Code    24  dcmpi.o(x$fpl$dcmpinf)
    __aeabi_ddiv                             0x08004a25   Thumb Code     0  ddiv.o(x$fpl$ddiv)
    _ddiv                                    0x08004a25   Thumb Code   552  ddiv.o(x$fpl$ddiv)
    __aeabi_d2uiz                            0x08004cd5   Thumb Code     0  dfixu.o(x$fpl$dfixu)
    _dfixu                                   0x08004cd5   Thumb Code    90  dfixu.o(x$fpl$dfixu)
    __aeabi_i2d                              0x08004d2f   Thumb Code     0  dflt_clz.o(x$fpl$dflt)
    _dflt                                    0x08004d2f   Thumb Code    46  dflt_clz.o(x$fpl$dflt)
    __aeabi_ui2d                             0x08004d5d   Thumb Code     0  dflt_clz.o(x$fpl$dfltu)
    _dfltu                                   0x08004d5d   Thumb Code    38  dflt_clz.o(x$fpl$dfltu)
    __aeabi_cdcmple                          0x08004d85   Thumb Code     0  dleqf.o(x$fpl$dleqf)
    _dcmple                                  0x08004d85   Thumb Code   120  dleqf.o(x$fpl$dleqf)
    __fpl_dcmple_InfNaN                      0x08004de7   Thumb Code     0  dleqf.o(x$fpl$dleqf)
    __aeabi_dmul                             0x08004dfd   Thumb Code     0  dmul.o(x$fpl$dmul)
    _dmul                                    0x08004dfd   Thumb Code   332  dmul.o(x$fpl$dmul)
    __fpl_dnaninf                            0x08004f51   Thumb Code   156  dnaninf.o(x$fpl$dnaninf)
    __fpl_dretinf                            0x08004fed   Thumb Code    12  dretinf.o(x$fpl$dretinf)
    __aeabi_cdrcmple                         0x08004ff9   Thumb Code     0  drleqf.o(x$fpl$drleqf)
    _drcmple                                 0x08004ff9   Thumb Code   108  drleqf.o(x$fpl$drleqf)
    __aeabi_drsub                            0x08005065   Thumb Code     0  daddsub_clz.o(x$fpl$drsb)
    _drsb                                    0x08005065   Thumb Code    22  daddsub_clz.o(x$fpl$drsb)
    _dsqrt                                   0x0800507d   Thumb Code   404  dsqrt_umaal.o(x$fpl$dsqrt)
    __aeabi_dsub                             0x08005215   Thumb Code     0  daddsub_clz.o(x$fpl$dsub)
    _dsub                                    0x08005215   Thumb Code   464  daddsub_clz.o(x$fpl$dsub)
    _fp_init                                 0x080053e9   Thumb Code    10  fpinit.o(x$fpl$fpinit)
    __fplib_config_fpu_vfp                   0x080053f1   Thumb Code     0  fpinit.o(x$fpl$fpinit)
    __fplib_config_pureend_doubles           0x080053f1   Thumb Code     0  fpinit.o(x$fpl$fpinit)
    __fpl_fretinf                            0x080053f3   Thumb Code    10  fretinf.o(x$fpl$fretinf)
    __I$use$fp                               0x080053fc   Number         0  usenofp.o(x$fpl$usenofp)
    __mathlib_zero                           0x080054e8   Data           8  qnan.o(.constdata)
    Region$$Table$$Base                      0x080054f0   Number         0  anon$$obj.o(Region$$Table)
    Region$$Table$$Limit                     0x08005510   Number         0  anon$$obj.o(Region$$Table)
    gyro_offset                              0x20000000   Data           6  mpu6050.o(.data)
    acce_offset                              0x20000006   Data           6  mpu6050.o(.data)
    height                                   0x20000010   Data           8  ultrasonic.o(.data)
    flag_height                              0x20000018   Data           1  ultrasonic.o(.data)
    RmtSta                                   0x2000001c   Data           1  remote.o(.data)
    Dval                                     0x2000001e   Data           2  remote.o(.data)
    RmtRec                                   0x20000020   Data           4  remote.o(.data)
    RmtCnt                                   0x20000024   Data           1  remote.o(.data)
    motor_f                                  0x20000026   Data           2  main_control.o(.data)
    motor_pwm                                0x20000028   Data           8  main_control.o(.data)
    flag_10ms                                0x20000030   Data           1  main_control.o(.data)
    pTime                                    0x20000032   Data           2  main_control.o(.data)
    stop_flag                                0x20000034   Data           1  main_control.o(.data)
    key                                      0x20000035   Data           1  main_control.o(.data)
    Debug                                    0x20000036   Data           1  main_control.o(.data)
    q0                                       0x20000038   Data           8  handle.o(.data)
    q1                                       0x20000040   Data           8  handle.o(.data)
    q2                                       0x20000048   Data           8  handle.o(.data)
    q3                                       0x20000050   Data           8  handle.o(.data)
    gyro_n                                   0x20000068   Data          24  main_control.o(.bss)
    acce_n                                   0x20000080   Data          24  main_control.o(.bss)
    angle_n                                  0x20000098   Data          24  main_control.o(.bss)
    angle_exp                                0x200000b0   Data          24  main_control.o(.bss)
    rollRatePid                              0x200000c8   Data          80  main_control.o(.bss)
    pitchRatePid                             0x20000118   Data          80  main_control.o(.bss)
    yawRatePid                               0x20000168   Data          80  main_control.o(.bss)
    rollPid                                  0x200001b8   Data          80  main_control.o(.bss)
    pitchPid                                 0x20000208   Data          80  main_control.o(.bss)
    __libspace_start                         0x200002d8   Data          96  libspace.o(.bss)
    __temporary_stack_top$libspace           0x20000338   Data           0  libspace.o(.bss)



==============================================================================

Memory Map of the image

  Image Entry point : 0x08000189

  Load Region LR_IROM1 (Base: 0x08000000, Size: 0x00005578, Max: 0x00100000, ABSOLUTE)

    Execution Region ER_IROM1 (Base: 0x08000000, Size: 0x00005510, Max: 0x00100000, ABSOLUTE)

    Base Addr    Size         Type   Attr      Idx    E Section Name        Object

    0x08000000   0x00000188   Data   RO         1196    RESET               startup_stm32f40_41xxx.o
    0x08000188   0x00000008   Code   RO         2468  * !!!main             c_w.l(__main.o)
    0x08000190   0x00000034   Code   RO         2754    !!!scatter          c_w.l(__scatter.o)
    0x080001c4   0x0000001a   Code   RO         2756    !!handler_copy      c_w.l(__scatter_copy.o)
    0x080001de   0x00000002   PAD
    0x080001e0   0x0000001c   Code   RO         2758    !!handler_zi        c_w.l(__scatter_zi.o)
    0x080001fc   0x00000002   Code   RO         2627    .ARM.Collect$$libinit$$00000000  c_w.l(libinit.o)
    0x080001fe   0x00000004   Code   RO         2630    .ARM.Collect$$libinit$$00000001  c_w.l(libinit2.o)
    0x08000202   0x00000000   Code   RO         2633    .ARM.Collect$$libinit$$00000004  c_w.l(libinit2.o)
    0x08000202   0x00000000   Code   RO         2636    .ARM.Collect$$libinit$$0000000A  c_w.l(libinit2.o)
    0x08000202   0x00000000   Code   RO         2638    .ARM.Collect$$libinit$$0000000C  c_w.l(libinit2.o)
    0x08000202   0x00000000   Code   RO         2640    .ARM.Collect$$libinit$$0000000E  c_w.l(libinit2.o)
    0x08000202   0x00000000   Code   RO         2643    .ARM.Collect$$libinit$$00000011  c_w.l(libinit2.o)
    0x08000202   0x00000000   Code   RO         2645    .ARM.Collect$$libinit$$00000013  c_w.l(libinit2.o)
    0x08000202   0x00000000   Code   RO         2647    .ARM.Collect$$libinit$$00000015  c_w.l(libinit2.o)
    0x08000202   0x00000000   Code   RO         2649    .ARM.Collect$$libinit$$00000017  c_w.l(libinit2.o)
    0x08000202   0x00000000   Code   RO         2651    .ARM.Collect$$libinit$$00000019  c_w.l(libinit2.o)
    0x08000202   0x00000000   Code   RO         2653    .ARM.Collect$$libinit$$0000001B  c_w.l(libinit2.o)
    0x08000202   0x00000000   Code   RO         2655    .ARM.Collect$$libinit$$0000001D  c_w.l(libinit2.o)
    0x08000202   0x00000000   Code   RO         2657    .ARM.Collect$$libinit$$0000001F  c_w.l(libinit2.o)
    0x08000202   0x00000000   Code   RO         2659    .ARM.Collect$$libinit$$00000021  c_w.l(libinit2.o)
    0x08000202   0x00000000   Code   RO         2661    .ARM.Collect$$libinit$$00000023  c_w.l(libinit2.o)
    0x08000202   0x00000000   Code   RO         2663    .ARM.Collect$$libinit$$00000025  c_w.l(libinit2.o)
    0x08000202   0x00000000   Code   RO         2667    .ARM.Collect$$libinit$$0000002C  c_w.l(libinit2.o)
    0x08000202   0x00000000   Code   RO         2669    .ARM.Collect$$libinit$$0000002E  c_w.l(libinit2.o)
    0x08000202   0x00000000   Code   RO         2671    .ARM.Collect$$libinit$$00000030  c_w.l(libinit2.o)
    0x08000202   0x00000000   Code   RO         2673    .ARM.Collect$$libinit$$00000032  c_w.l(libinit2.o)
    0x08000202   0x00000002   Code   RO         2674    .ARM.Collect$$libinit$$00000033  c_w.l(libinit2.o)
    0x08000204   0x00000002   Code   RO         2694    .ARM.Collect$$libshutdown$$00000000  c_w.l(libshutdown.o)
    0x08000206   0x00000000   Code   RO         2707    .ARM.Collect$$libshutdown$$00000002  c_w.l(libshutdown2.o)
    0x08000206   0x00000000   Code   RO         2709    .ARM.Collect$$libshutdown$$00000004  c_w.l(libshutdown2.o)
    0x08000206   0x00000000   Code   RO         2712    .ARM.Collect$$libshutdown$$00000007  c_w.l(libshutdown2.o)
    0x08000206   0x00000000   Code   RO         2715    .ARM.Collect$$libshutdown$$0000000A  c_w.l(libshutdown2.o)
    0x08000206   0x00000000   Code   RO         2717    .ARM.Collect$$libshutdown$$0000000C  c_w.l(libshutdown2.o)
    0x08000206   0x00000000   Code   RO         2720    .ARM.Collect$$libshutdown$$0000000F  c_w.l(libshutdown2.o)
    0x08000206   0x00000002   Code   RO         2721    .ARM.Collect$$libshutdown$$00000010  c_w.l(libshutdown2.o)
    0x08000208   0x00000000   Code   RO         2542    .ARM.Collect$$rtentry$$00000000  c_w.l(__rtentry.o)
    0x08000208   0x00000000   Code   RO         2596    .ARM.Collect$$rtentry$$00000002  c_w.l(__rtentry2.o)
    0x08000208   0x00000006   Code   RO         2608    .ARM.Collect$$rtentry$$00000004  c_w.l(__rtentry4.o)
    0x0800020e   0x00000000   Code   RO         2598    .ARM.Collect$$rtentry$$00000009  c_w.l(__rtentry2.o)
    0x0800020e   0x00000004   Code   RO         2599    .ARM.Collect$$rtentry$$0000000A  c_w.l(__rtentry2.o)
    0x08000212   0x00000000   Code   RO         2601    .ARM.Collect$$rtentry$$0000000C  c_w.l(__rtentry2.o)
    0x08000212   0x00000008   Code   RO         2602    .ARM.Collect$$rtentry$$0000000D  c_w.l(__rtentry2.o)
    0x0800021a   0x00000002   Code   RO         2628    .ARM.Collect$$rtexit$$00000000  c_w.l(rtexit.o)
    0x0800021c   0x00000000   Code   RO         2676    .ARM.Collect$$rtexit$$00000002  c_w.l(rtexit2.o)
    0x0800021c   0x00000004   Code   RO         2677    .ARM.Collect$$rtexit$$00000003  c_w.l(rtexit2.o)
    0x08000220   0x00000006   Code   RO         2678    .ARM.Collect$$rtexit$$00000004  c_w.l(rtexit2.o)
    0x08000226   0x00000002   PAD
    0x08000228   0x00000040   Code   RO         1197    .text               startup_stm32f40_41xxx.o
    0x08000268   0x00000006   Code   RO         2466    .text               c_w.l(heapauxi.o)
    0x0800026e   0x00000016   Code   RO         2543    .text               c_w.l(_rserrno.o)
    0x08000284   0x00000008   Code   RO         2613    .text               c_w.l(rt_errno_addr_intlibspace.o)
    0x0800028c   0x00000008   Code   RO         2615    .text               c_w.l(libspace.o)
    0x08000294   0x0000004a   Code   RO         2618    .text               c_w.l(sys_stackheap_outer.o)
    0x080002de   0x00000012   Code   RO         2620    .text               c_w.l(exit.o)
    0x080002f0   0x0000000c   Code   RO         2686    .text               c_w.l(sys_exit.o)
    0x080002fc   0x00000002   Code   RO         2697    .text               c_w.l(use_no_semi.o)
    0x080002fe   0x00000000   Code   RO         2699    .text               c_w.l(indicate_semi.o)
    0x080002fe   0x00000004   Code   RO          182    i.BusFault_Handler  stm32f4xx_it.o
    0x08000302   0x00000002   PAD
    0x08000304   0x000005c0   Code   RO         1074    i.Control_10ms      main_control.o
    0x080008c4   0x0000031c   Code   RO         1075    i.Control_main      main_control.o
    0x08000be0   0x00000002   Code   RO          183    i.DebugMon_Handler  stm32f4xx_it.o
    0x08000be2   0x00000090   Code   RO         1575    i.GPIO_Init         stm32f4xx_gpio.o
    0x08000c72   0x00000046   Code   RO         1576    i.GPIO_PinAFConfig  stm32f4xx_gpio.o
    0x08000cb8   0x00000012   Code   RO         1579    i.GPIO_ReadInputDataBit  stm32f4xx_gpio.o
    0x08000cca   0x00000012   Code   RO         1581    i.GPIO_ReadOutputDataBit  stm32f4xx_gpio.o
    0x08000cdc   0x00000004   Code   RO         1582    i.GPIO_ResetBits    stm32f4xx_gpio.o
    0x08000ce0   0x00000004   Code   RO         1583    i.GPIO_SetBits      stm32f4xx_gpio.o
    0x08000ce4   0x00000e54   Code   RO         1105    i.Get_angle         handle.o
    0x08001b38   0x000000c8   Code   RO         1106    i.Get_flight_param  handle.o
    0x08001c00   0x000000f0   Code   RO          583    i.Get_offset        mpu6050.o
    0x08001cf0   0x00000004   Code   RO          184    i.HardFault_Handler  stm32f4xx_it.o
    0x08001cf4   0x0000003c   Code   RO          338    i.I2C_Ack           i2c.o
    0x08001d30   0x00000058   Code   RO          339    i.I2C_ReadByte      i2c.o
    0x08001d88   0x00000048   Code   RO          340    i.I2C_RecieveByte   i2c.o
    0x08001dd0   0x00000072   Code   RO          341    i.I2C_RecieveBytes  i2c.o
    0x08001e42   0x00000002   PAD
    0x08001e44   0x0000003c   Code   RO          342    i.I2C_SCL_Init      i2c.o
    0x08001e80   0x00000040   Code   RO          343    i.I2C_SDA_Init      i2c.o
    0x08001ec0   0x0000001c   Code   RO          344    i.I2C_S_Init        i2c.o
    0x08001edc   0x0000004c   Code   RO          345    i.I2C_SendByte      i2c.o
    0x08001f28   0x0000003c   Code   RO          347    i.I2C_Start         i2c.o
    0x08001f64   0x0000003c   Code   RO          348    i.I2C_Stop          i2c.o
    0x08001fa0   0x00000064   Code   RO          349    i.I2C_WriteByte     i2c.o
    0x08002004   0x0000003c   Code   RO          350    i.I2C_nAck          i2c.o
    0x08002040   0x0000004c   Code   RO          351    i.I2C_rAck          i2c.o
    0x0800208c   0x00000044   Code   RO          463    i.KEY_Init          key.o
    0x080020d0   0x00000028   Code   RO          490    i.LED_Change        led.o
    0x080020f8   0x0000003c   Code   RO          492    i.LED_Init          led.o
    0x08002134   0x0000011c   Code   RO          534    i.MOTOR_Init        motor.o
    0x08002250   0x00000062   Code   RO          584    i.MPU6050_Init      mpu6050.o
    0x080022b2   0x00000048   Code   RO          585    i.MPU_Get_Accelerometer  mpu6050.o
    0x080022fa   0x00000048   Code   RO          586    i.MPU_Get_Gyroscope  mpu6050.o
    0x08002342   0x00000002   PAD
    0x08002344   0x00000140   Code   RO          588    i.MPU_Get_param     mpu6050.o
    0x08002484   0x00000004   Code   RO          185    i.MemManage_Handler  stm32f4xx_it.o
    0x08002488   0x00000002   Code   RO          186    i.NMI_Handler       stm32f4xx_it.o
    0x0800248a   0x00000002   PAD
    0x0800248c   0x00000078   Code   RO         1860    i.NVIC_Init         misc.o
    0x08002504   0x00000238   Code   RO         1135    i.PID_Compulate     pid.o
    0x0800273c   0x00000158   Code   RO         1136    i.PID_param_Init    pid.o
    0x08002894   0x0000005c   Code   RO         1137    i.PID_param_Reset   pid.o
    0x080028f0   0x00000002   Code   RO          187    i.PendSV_Handler    stm32f4xx_it.o
    0x080028f2   0x00000002   PAD
    0x080028f4   0x00000020   Code   RO         1240    i.RCC_AHB1PeriphClockCmd  stm32f4xx_rcc.o
    0x08002914   0x00000020   Code   RO         1249    i.RCC_APB1PeriphClockCmd  stm32f4xx_rcc.o
    0x08002934   0x00000020   Code   RO         1252    i.RCC_APB2PeriphClockCmd  stm32f4xx_rcc.o
    0x08002954   0x000000e8   Code   RO         1261    i.RCC_GetClocksFreq  stm32f4xx_rcc.o
    0x08002a3c   0x00000030   Code   RO          253    i.STM32_Init        public.o
    0x08002a6c   0x00000002   Code   RO          188    i.SVC_Handler       stm32f4xx_it.o
    0x08002a6e   0x00000002   PAD
    0x08002a70   0x000000ec   Code   RO         1203    i.SetSysClock       system_stm32f4xx.o
    0x08002b5c   0x00000002   Code   RO          189    i.SysTick_Handler   stm32f4xx_it.o
    0x08002b5e   0x00000002   PAD
    0x08002b60   0x00000068   Code   RO         1205    i.SystemInit        system_stm32f4xx.o
    0x08002bc8   0x0000003a   Code   RO         1904    i.TI1_Config        stm32f4xx_tim.o
    0x08002c02   0x00000050   Code   RO         1905    i.TI2_Config        stm32f4xx_tim.o
    0x08002c52   0x00000048   Code   RO         1906    i.TI3_Config        stm32f4xx_tim.o
    0x08002c9a   0x00000050   Code   RO         1907    i.TI4_Config        stm32f4xx_tim.o
    0x08002cea   0x00000002   PAD
    0x08002cec   0x0000013c   Code   RO         1032    i.TIM1_CC_IRQHandler  remote.o
    0x08002e28   0x00000078   Code   RO         1033    i.TIM1_UP_TIM10_IRQHandler  remote.o
    0x08002ea0   0x000000c0   Code   RO          664    i.TIM2_IRQHandler   ultrasonic.o
    0x08002f60   0x0000001c   Code   RO          436    i.TIM7_IRQHandler   tim.o
    0x08002f7c   0x00000060   Code   RO          437    i.TIM_10ms_Init     tim.o
    0x08002fdc   0x00000018   Code   RO         1908    i.TIM_ARRPreloadConfig  stm32f4xx_tim.o
    0x08002ff4   0x00000006   Code   RO         1915    i.TIM_ClearITPendingBit  stm32f4xx_tim.o
    0x08002ffa   0x00000018   Code   RO         1920    i.TIM_Cmd           stm32f4xx_tim.o
    0x08003012   0x00000006   Code   RO         1935    i.TIM_GetCapture1   stm32f4xx_tim.o
    0x08003018   0x00000006   Code   RO         1937    i.TIM_GetCapture3   stm32f4xx_tim.o
    0x0800301e   0x00000022   Code   RO         1941    i.TIM_GetITStatus   stm32f4xx_tim.o
    0x08003040   0x0000006e   Code   RO         1943    i.TIM_ICInit        stm32f4xx_tim.o
    0x080030ae   0x00000012   Code   RO         1945    i.TIM_ITConfig      stm32f4xx_tim.o
    0x080030c0   0x0000007c   Code   RO         1949    i.TIM_OC1Init       stm32f4xx_tim.o
    0x0800313c   0x00000012   Code   RO         1951    i.TIM_OC1PolarityConfig  stm32f4xx_tim.o
    0x0800314e   0x00000012   Code   RO         1952    i.TIM_OC1PreloadConfig  stm32f4xx_tim.o
    0x08003160   0x000000a4   Code   RO         1954    i.TIM_OC2Init       stm32f4xx_tim.o
    0x08003204   0x0000001a   Code   RO         1957    i.TIM_OC2PreloadConfig  stm32f4xx_tim.o
    0x0800321e   0x00000002   PAD
    0x08003220   0x000000a0   Code   RO         1959    i.TIM_OC3Init       stm32f4xx_tim.o
    0x080032c0   0x0000001a   Code   RO         1961    i.TIM_OC3PolarityConfig  stm32f4xx_tim.o
    0x080032da   0x00000012   Code   RO         1962    i.TIM_OC3PreloadConfig  stm32f4xx_tim.o
    0x080032ec   0x00000078   Code   RO         1964    i.TIM_OC4Init       stm32f4xx_tim.o
    0x08003364   0x0000001a   Code   RO         1966    i.TIM_OC4PreloadConfig  stm32f4xx_tim.o
    0x0800337e   0x00000004   Code   RO         1982    i.TIM_SetCompare1   stm32f4xx_tim.o
    0x08003382   0x00000004   Code   RO         1983    i.TIM_SetCompare2   stm32f4xx_tim.o
    0x08003386   0x00000004   Code   RO         1984    i.TIM_SetCompare3   stm32f4xx_tim.o
    0x0800338a   0x00000004   Code   RO         1985    i.TIM_SetCompare4   stm32f4xx_tim.o
    0x0800338e   0x00000004   Code   RO         1986    i.TIM_SetCounter    stm32f4xx_tim.o
    0x08003392   0x00000012   Code   RO         1987    i.TIM_SetIC1Prescaler  stm32f4xx_tim.o
    0x080033a4   0x0000001a   Code   RO         1988    i.TIM_SetIC2Prescaler  stm32f4xx_tim.o
    0x080033be   0x00000012   Code   RO         1989    i.TIM_SetIC3Prescaler  stm32f4xx_tim.o
    0x080033d0   0x0000001a   Code   RO         1990    i.TIM_SetIC4Prescaler  stm32f4xx_tim.o
    0x080033ea   0x00000002   PAD
    0x080033ec   0x00000084   Code   RO         1992    i.TIM_TimeBaseInit  stm32f4xx_tim.o
    0x08003470   0x00000100   Code   RO          665    i.ULTR_Init         ultrasonic.o
    0x08003570   0x00000024   Code   RO          666    i.ULTR_Start        ultrasonic.o
    0x08003594   0x00000024   Code   RO          299    i.USART1_IRQHandler  usart.o
    0x080035b8   0x000000c0   Code   RO          300    i.USART1_Init       usart.o
    0x08003678   0x00000018   Code   RO         1676    i.USART_Cmd         stm32f4xx_usart.o
    0x08003690   0x0000001a   Code   RO         1679    i.USART_GetFlagStatus  stm32f4xx_usart.o
    0x080036aa   0x0000004a   Code   RO         1682    i.USART_ITConfig    stm32f4xx_usart.o
    0x080036f4   0x000000d4   Code   RO         1683    i.USART_Init        stm32f4xx_usart.o
    0x080037c8   0x0000000a   Code   RO         1690    i.USART_ReceiveData  stm32f4xx_usart.o
    0x080037d2   0x00000056   Code   RO          302    i.USART_Send        usart.o
    0x08003828   0x00000008   Code   RO         1693    i.USART_SendData    stm32f4xx_usart.o
    0x08003830   0x00000004   Code   RO          190    i.UsageFault_Handler  stm32f4xx_it.o
    0x08003834   0x00000030   Code   RO         2590    i.__ARM_fpclassify  m_wm.l(fpclassify.o)
    0x08003864   0x00000004   PAD
    0x08003868   0x00000360   Code   RO         2504    i.__hardfp_asin     m_wm.l(asin.o)
    0x08003bc8   0x000002d8   Code   RO         2556    i.__hardfp_atan     m_wm.l(atan.o)
    0x08003ea0   0x000001f0   Code   RO         2518    i.__hardfp_atan2    m_wm.l(atan2.o)
    0x08004090   0x0000007a   Code   RO         2530    i.__hardfp_sqrt     m_wm.l(sqrt.o)
    0x0800410a   0x000000f8   Code   RO         2592    i.__kernel_poly     m_wm.l(poly.o)
    0x08004202   0x00000014   Code   RO         2571    i.__mathlib_dbl_infnan  m_wm.l(dunder.o)
    0x08004216   0x00000014   Code   RO         2572    i.__mathlib_dbl_infnan2  m_wm.l(dunder.o)
    0x0800422a   0x00000006   PAD
    0x08004230   0x00000020   Code   RO         2573    i.__mathlib_dbl_invalid  m_wm.l(dunder.o)
    0x08004250   0x00000020   Code   RO         2576    i.__mathlib_dbl_underflow  m_wm.l(dunder.o)
    0x08004270   0x00000010   Code   RO         2558    i.atan              m_wm.l(atan.o)
    0x08004280   0x00000048   Code   RO          273    i.delay_ms          delay.o
    0x080042c8   0x0000004a   Code   RO          274    i.delay_us          delay.o
    0x08004312   0x00000018   Code   RO         2586    i.fabs              m_wm.l(fabs.o)
    0x0800432a   0x0000000c   Code   RO            3    i.main              main.o
    0x08004336   0x00000002   PAD
    0x08004338   0x000001e8   Code   RO         1162    i.sendAccelGyroData  protocol.o
    0x08004520   0x0000016c   Code   RO         1163    i.sendAngleData     protocol.o
    0x0800468c   0x00000144   Code   RO         1164    i.sendMotorData     protocol.o
    0x080047d0   0x0000006e   Code   RO         2532    i.sqrt              m_wm.l(sqrt.o)
    0x0800483e   0x00000018   Code   RO         2470    x$fpl$basic         fz_wm.l(basic.o)
    0x08004856   0x00000002   PAD
    0x08004858   0x00000062   Code   RO         2472    x$fpl$d2f           fz_wm.l(d2f.o)
    0x080048ba   0x00000002   PAD
    0x080048bc   0x00000150   Code   RO         2474    x$fpl$dadd          fz_wm.l(daddsub_clz.o)
    0x08004a0c   0x00000018   Code   RO         2545    x$fpl$dcmpinf       fz_wm.l(dcmpi.o)
    0x08004a24   0x000002b0   Code   RO         2481    x$fpl$ddiv          fz_wm.l(ddiv.o)
    0x08004cd4   0x0000005a   Code   RO         2488    x$fpl$dfixu         fz_wm.l(dfixu.o)
    0x08004d2e   0x0000002e   Code   RO         2493    x$fpl$dflt          fz_wm.l(dflt_clz.o)
    0x08004d5c   0x00000026   Code   RO         2492    x$fpl$dfltu         fz_wm.l(dflt_clz.o)
    0x08004d82   0x00000002   PAD
    0x08004d84   0x00000078   Code   RO         2498    x$fpl$dleqf         fz_wm.l(dleqf.o)
    0x08004dfc   0x00000154   Code   RO         2500    x$fpl$dmul          fz_wm.l(dmul.o)
    0x08004f50   0x0000009c   Code   RO         2547    x$fpl$dnaninf       fz_wm.l(dnaninf.o)
    0x08004fec   0x0000000c   Code   RO         2549    x$fpl$dretinf       fz_wm.l(dretinf.o)
    0x08004ff8   0x0000006c   Code   RO         2502    x$fpl$drleqf        fz_wm.l(drleqf.o)
    0x08005064   0x00000016   Code   RO         2475    x$fpl$drsb          fz_wm.l(daddsub_clz.o)
    0x0800507a   0x00000002   PAD
    0x0800507c   0x00000198   Code   RO         2551    x$fpl$dsqrt         fz_wm.l(dsqrt_umaal.o)
    0x08005214   0x000001d4   Code   RO         2476    x$fpl$dsub          fz_wm.l(daddsub_clz.o)
    0x080053e8   0x0000000a   Code   RO         2684    x$fpl$fpinit        fz_wm.l(fpinit.o)
    0x080053f2   0x0000000a   Code   RO         2553    x$fpl$fretinf       fz_wm.l(fretinf.o)
    0x080053fc   0x00000000   Code   RO         2555    x$fpl$usenofp       fz_wm.l(usenofp.o)
    0x080053fc   0x00000004   PAD
    0x08005400   0x00000050   Data   RO         2507    .constdata          m_wm.l(asin.o)
    0x08005450   0x00000098   Data   RO         2559    .constdata          m_wm.l(atan.o)
    0x080054e8   0x00000008   Data   RO         2594    .constdata          m_wm.l(qnan.o)
    0x080054f0   0x00000020   Data   RO         2752    Region$$Table       anon$$obj.o


    Execution Region RW_IRAM1 (Base: 0x20000000, Size: 0x00000938, Max: 0x00020000, ABSOLUTE)

    Base Addr    Size         Type   Attr      Idx    E Section Name        Object

    0x20000000   0x0000000c   Data   RW          593    .data               mpu6050.o
    0x2000000c   0x00000004   PAD
    0x20000010   0x00000009   Data   RW          667    .data               ultrasonic.o
    0x20000019   0x00000003   PAD
    0x2000001c   0x00000009   Data   RW         1034    .data               remote.o
    0x20000025   0x00000001   PAD
    0x20000026   0x00000011   Data   RW         1077    .data               main_control.o
    0x20000037   0x00000001   PAD
    0x20000038   0x00000020   Data   RW         1107    .data               handle.o
    0x20000058   0x00000010   Data   RW         1293    .data               stm32f4xx_rcc.o
    0x20000068   0x000001f0   Zero   RW         1076    .bss                main_control.o
    0x20000258   0x00000080   Zero   RW         1165    .bss                protocol.o
    0x200002d8   0x00000060   Zero   RW         2616    .bss                c_w.l(libspace.o)
    0x20000338   0x00000200   Zero   RW         1195    HEAP                startup_stm32f40_41xxx.o
    0x20000538   0x00000400   Zero   RW         1194    STACK               startup_stm32f40_41xxx.o


==============================================================================

Image component sizes


      Code (inc. data)   RO Data    RW Data    ZI Data      Debug   Object Name

       146          0          0          0          0       1198   delay.o
      3868        182          0         32          0       2233   handle.o
       918         54          0          0          0       8629   i2c.o
        68          8          0          0          0        575   key.o
       100         10          0          0          0       1152   led.o
        12          0          0          0          0     283499   main.o
      2268        264          0         17        496       3192   main_control.o
       120         14          0          0          0       1244   misc.o
       284          8          0          0          0        877   motor.o
       802         40          0         12          0       4334   mpu6050.o
      1004        128          0          0          0       2614   pid.o
      1176         34          0          0        128       3408   protocol.o
        48          0          0          0          0        541   public.o
       436         34          0          9          0       1632   remote.o
        64         26        392          0       1536        988   startup_stm32f40_41xxx.o
       258          0          0          0          0       4920   stm32f4xx_gpio.o
        26          0          0          0          0       4586   stm32f4xx_it.o
       328         36          0         16          0       5231   stm32f4xx_rcc.o
      1458         66          0          0          0      24091   stm32f4xx_tim.o
       354          8          0          0          0       5449   stm32f4xx_usart.o
       340         32          0          0          0       1981   system_stm32f4xx.o
       124         14          0          0          0       1166   tim.o
       484         34          0          9          0       2352   ultrasonic.o
       314         20          0          0          0       2569   usart.o

    ----------------------------------------------------------------------
     15022       1012        424        104       2160     368461   Object Totals
         0          0         32          0          0          0   (incl. Generated)
        22          0          0          9          0          0   (incl. Padding)

    ----------------------------------------------------------------------

      Code (inc. data)   RO Data    RW Data    ZI Data      Debug   Library Member Name

         8          0          0          0          0         68   __main.o
         0          0          0          0          0          0   __rtentry.o
        12          0          0          0          0          0   __rtentry2.o
         6          0          0          0          0          0   __rtentry4.o
        52          8          0          0          0          0   __scatter.o
        26          0          0          0          0          0   __scatter_copy.o
        28          0          0          0          0          0   __scatter_zi.o
        22          0          0          0          0        100   _rserrno.o
        18          0          0          0          0         80   exit.o
         6          0          0          0          0        152   heapauxi.o
         0          0          0          0          0          0   indicate_semi.o
         2          0          0          0          0          0   libinit.o
         6          0          0          0          0          0   libinit2.o
         2          0          0          0          0          0   libshutdown.o
         2          0          0          0          0          0   libshutdown2.o
         8          4          0          0         96         68   libspace.o
         8          4          0          0          0         68   rt_errno_addr_intlibspace.o
         2          0          0          0          0          0   rtexit.o
        10          0          0          0          0          0   rtexit2.o
        12          4          0          0          0         68   sys_exit.o
        74          0          0          0          0         80   sys_stackheap_outer.o
         2          0          0          0          0         68   use_no_semi.o
        24          0          0          0          0        164   basic.o
        98          4          0          0          0        140   d2f.o
       826         16          0          0          0        492   daddsub_clz.o
        24          0          0          0          0        116   dcmpi.o
       688        140          0          0          0        256   ddiv.o
        90          4          0          0          0        140   dfixu.o
        84          0          0          0          0        232   dflt_clz.o
       120          4          0          0          0        140   dleqf.o
       340         12          0          0          0        152   dmul.o
       156          4          0          0          0        140   dnaninf.o
        12          0          0          0          0        116   dretinf.o
       108          0          0          0          0        128   drleqf.o
       408         56          0          0          0        168   dsqrt_umaal.o
        10          0          0          0          0        116   fpinit.o
        10          0          0          0          0        116   fretinf.o
         0          0          0          0          0          0   usenofp.o
       864         94         80          0          0        280   asin.o
       744        106        152          0          0        352   atan.o
       496         64          0          0          0        192   atan2.o
       104         16          0          0          0        496   dunder.o
        24          0          0          0          0        124   fabs.o
        48          0          0          0          0        124   fpclassify.o
       248          0          0          0          0        152   poly.o
         0          0          8          0          0          0   qnan.o
       232          0          0          0          0        296   sqrt.o

    ----------------------------------------------------------------------
      6090        540        240          0         96       5384   Library Totals
        26          0          0          0          0          0   (incl. Padding)

    ----------------------------------------------------------------------

      Code (inc. data)   RO Data    RW Data    ZI Data      Debug   Library Name

       306         20          0          0         96        752   c_w.l
      2998        240          0          0          0       2616   fz_wm.l
      2760        280        240          0          0       2016   m_wm.l

    ----------------------------------------------------------------------
      6090        540        240          0         96       5384   Library Totals

    ----------------------------------------------------------------------

==============================================================================


      Code (inc. data)   RO Data    RW Data    ZI Data      Debug   

     21112       1552        664        104       2256     360585   Grand Totals
     21112       1552        664        104       2256     360585   ELF Image Totals
     21112       1552        664        104          0          0   ROM Totals

==============================================================================

    Total RO  Size (Code + RO Data)                21776 (  21.27kB)
    Total RW  Size (RW Data + ZI Data)              2360 (   2.30kB)
    Total ROM Size (Code + RO Data + RW Data)      21880 (  21.37kB)

==============================================================================

